<html>
<body>
<pre>
<h1>µVision Build Log</h1>
<h2>Tool Versions:</h2>
IDE-Version: ¦ÌVision V5.23.0.0
Copyright (C) 2017 ARM Ltd and ARM Germany GmbH. All rights reserved.
License Information: LIUW Weiliang Liu, LIU, LIC=FYKQD-8HA3P-IHQ8E-5WLFV-37TGA-Z9RDT
 
Tool Versions:
Toolchain:       MDK-ARM Plus  Version: 5.23
Toolchain Path:  C:\Keil_v5\ARM\ARMCC\Bin
C Compiler:      Armcc.exe V5.06 update 4 (build 422)
Assembler:       Armasm.exe V5.06 update 4 (build 422)
Linker/Locator:  ArmLink.exe V5.06 update 4 (build 422)
Library Manager: ArmAr.exe V5.06 update 4 (build 422)
Hex Converter:   FromElf.exe V5.06 update 4 (build 422)
CPU DLL:         SARMCM3.DLL V5.23
Dialog DLL:      DCM.DLL V1.15.0.0
Target DLL:      Segger\JL2CM3.dll V2.99.23.0
Dialog DLL:      TCM.DLL V1.27.0.0
 
<h2>Project:</h2>
E:\LKprogram\ev160_DL_alg_V1.6\Prj\Adc12chConfigurable_V1.0.uvprojx
Project File Date:  12/10/2018

<h2>Output:</h2>
*** Using Compiler 'V5.06 update 4 (build 422)', folder: 'C:\Keil_v5\ARM\ARMCC\Bin'
*** Note: Rebuilding project, since 'Options->Output->Create Batch File' is selected.
Rebuild target 'Target 1'
compiling main.c...
compiling hw_init.c...
compiling hw_common.c...
compiling debug.c...
compiling delay.c...
compiling core_cm3.c...
compiling stm32f10x_it.c...
compiling system_stm32f10x.c...
assembling startup_stm32f10x_hd.s...
compiling misc.c...
compiling stm32f10x_adc.c...
compiling stm32f10x_dma.c...
compiling stm32f10x_exti.c...
compiling stm32f10x_flash.c...
compiling stm32f10x_gpio.c...
compiling stm32f10x_i2c.c...
compiling stm32f10x_iwdg.c...
compiling stm32f10x_rcc.c...
compiling stm32f10x_tim.c...
compiling stm32f10x_usart.c...
compiling drv_uart.c...
compiling drv_adc.c...
compiling drv_sound.c...
compiling drv_sim800.c...
compiling drv_led.c...
compiling drv_gpio_int.c...
compiling drv_timer.c...
compiling drv_dog.c...
compiling drv_systick.c...
compiling drv_detect.c...
compiling drv_flash.c...
compiling api_sendmessage.c...
compiling api_adc.c...
compiling api_battery.c...
compiling api_sound.c...
compiling api_door.c...
compiling api_shake.c...
compiling api_flash.c...
compiling api_delay_timer.c...
compiling api_result.c...
compiling api_communicate.c...
linking...
Program Size: Code=22212 RO-data=572 RW-data=448 ZI-data=37376  
FromELF: creating hex file...
"..\PrjOutput\Adc12chConfigurable_V1.0" - 0 Error(s), 0 Warning(s).

<h2>Collection of Component include folders:</h2>
  .\RTE\_Target_1
  C:\Keil_v5\ARM\PACK\Keil\STM32F1xx_DFP\1.1.0\Device\Include

<h2>Collection of Component Files used:</h2>
Build Time Elapsed:  00:00:23
</pre>
</body>
</html>
