Component: ARM Compiler 5.06 update 4 (build 422) Tool: armlink [4d35d2]

==============================================================================

Section Cross References

    main.o(i.main) refers to hw_common.o(i.delay_100us) for delay_100us
    main.o(i.main) refers to hw_init.o(i.HW_Configuration) for HW_Configuration
    main.o(i.main) refers to delay.o(i.DelayInit) for DelayInit
    main.o(i.main) refers to api_battery.o(i.display_battery_first) for display_battery_first
    main.o(i.main) refers to hw_init.o(i.Data_Init) for Data_Init
    main.o(i.main) refers to debug.o(i.debug_get_adjust) for debug_get_adjust
    main.o(i.main) refers to api_communicate.o(i.Master_Send_GetCarState_data) for Master_Send_GetCarState_data
    main.o(i.main) refers to delay.o(i.DelayMs) for DelayMs
    main.o(i.main) refers to api_communicate.o(i.UcAnalysis_RecSlave_Data) for UcAnalysis_RecSlave_Data
    main.o(i.main) refers to drv_timer.o(i.timer_led_twinkle_off) for timer_led_twinkle_off
    main.o(i.main) refers to drv_timer.o(i.timer_led_twinkle) for timer_led_twinkle
    main.o(i.main) refers to api_sendmessage.o(i.Send_debug_message) for Send_debug_message
    main.o(i.main) refers to data_process.o(i.data_process_lowdetect) for data_process_lowdetect
    main.o(i.main) refers to api_communicate.o(i.Master_Send_Alarm_Data) for Master_Send_Alarm_Data
    main.o(i.main) refers to memcpya.o(.text) for __aeabi_memcpy
    main.o(i.main) refers to api_communicate.o(i.Master_Send_Data) for Master_Send_Data
    main.o(i.main) refers to api_battery.o(i.display_battery) for display_battery
    main.o(i.main) refers to memseta.o(.text) for __aeabi_memclr
    main.o(i.main) refers to main.o(.data) for ucSalvePackLen
    main.o(i.main) refers to api_adc.o(.data) for trigger_status
    main.o(i.main) refers to api_adc.o(.bss) for AD_store_final
    main.o(i.main) refers to main.o(.bss) for senddata
    hw_init.o(i.Data_Init) refers to drv_led.o(i.led_on) for led_on
    hw_init.o(i.Fun_configuration) refers to hw_init.o(i.MCO_Config) for MCO_Config
    hw_init.o(i.Fun_configuration) refers to drv_timer.o(i.timer_init) for timer_init
    hw_init.o(i.Fun_configuration) refers to drv_uart.o(i.USART3_Config) for USART3_Config
    hw_init.o(i.Fun_configuration) refers to drv_uart.o(i.USART4_Config) for USART4_Config
    hw_init.o(i.Fun_configuration) refers to drv_uart.o(i.USART5_Config) for USART5_Config
    hw_init.o(i.Fun_configuration) refers to api_sound.o(i.sound_vol_set) for sound_vol_set
    hw_init.o(i.Fun_configuration) refers to drv_uart.o(i.USART1_Config) for USART1_Config
    hw_init.o(i.Fun_configuration) refers to drv_adc.o(i.ADC1_Init) for ADC1_Init
    hw_init.o(i.Fun_configuration) refers to drv_gpio_int.o(i.gpio_int_init) for gpio_int_init
    hw_init.o(i.GPIO_Configuration) refers to stm32f10x_rcc.o(i.RCC_APB2PeriphClockCmd) for RCC_APB2PeriphClockCmd
    hw_init.o(i.GPIO_Configuration) refers to stm32f10x_gpio.o(i.GPIO_PinRemapConfig) for GPIO_PinRemapConfig
    hw_init.o(i.GPIO_Configuration) refers to stm32f10x_gpio.o(i.GPIO_Init) for GPIO_Init
    hw_init.o(i.GPIO_Configuration) refers to stm32f10x_gpio.o(i.GPIO_ResetBits) for GPIO_ResetBits
    hw_init.o(i.GPIO_Configuration) refers to stm32f10x_gpio.o(i.GPIO_SetBits) for GPIO_SetBits
    hw_init.o(i.HW_Configuration) refers to hw_init.o(i.RCC_Configuration) for RCC_Configuration
    hw_init.o(i.HW_Configuration) refers to hw_init.o(i.NVIC_Configuration) for NVIC_Configuration
    hw_init.o(i.HW_Configuration) refers to hw_init.o(i.GPIO_Configuration) for GPIO_Configuration
    hw_init.o(i.HW_Configuration) refers to hw_init.o(i.Fun_configuration) for Fun_configuration
    hw_init.o(i.MCO_Config) refers to stm32f10x_rcc.o(i.RCC_MCOConfig) for RCC_MCOConfig
    hw_init.o(i.NVIC_Configuration) refers to misc.o(i.NVIC_PriorityGroupConfig) for NVIC_PriorityGroupConfig
    hw_init.o(i.NVIC_Configuration) refers to misc.o(i.NVIC_Init) for NVIC_Init
    hw_init.o(i.RCC_Configuration) refers to stm32f10x_rcc.o(i.RCC_DeInit) for RCC_DeInit
    hw_init.o(i.RCC_Configuration) refers to stm32f10x_rcc.o(i.RCC_HSEConfig) for RCC_HSEConfig
    hw_init.o(i.RCC_Configuration) refers to stm32f10x_rcc.o(i.RCC_WaitForHSEStartUp) for RCC_WaitForHSEStartUp
    hw_init.o(i.RCC_Configuration) refers to stm32f10x_rcc.o(i.RCC_HCLKConfig) for RCC_HCLKConfig
    hw_init.o(i.RCC_Configuration) refers to stm32f10x_rcc.o(i.RCC_PCLK2Config) for RCC_PCLK2Config
    hw_init.o(i.RCC_Configuration) refers to stm32f10x_rcc.o(i.RCC_PCLK1Config) for RCC_PCLK1Config
    hw_init.o(i.RCC_Configuration) refers to stm32f10x_rcc.o(i.RCC_PLLConfig) for RCC_PLLConfig
    hw_init.o(i.RCC_Configuration) refers to stm32f10x_rcc.o(i.RCC_PLLCmd) for RCC_PLLCmd
    hw_init.o(i.RCC_Configuration) refers to stm32f10x_rcc.o(i.RCC_GetFlagStatus) for RCC_GetFlagStatus
    hw_init.o(i.RCC_Configuration) refers to stm32f10x_rcc.o(i.RCC_SYSCLKConfig) for RCC_SYSCLKConfig
[...]
    i.mean_256_adjust                        0x08004968   Section        0  sum_mean_energy.o(i.mean_256_adjust)
    i.play_sound                             0x080049a0   Section        0  api_sound.o(i.play_sound)
    i.pow                                    0x08004a44   Section        0  pow.o(i.pow)
    i.shake_time_process                     0x0800541c   Section        0  api_shake.o(i.shake_time_process)
    i.sound_getdata                          0x0800545c   Section        0  drv_sound.o(i.sound_getdata)
    i.sound_senddata                         0x080054c8   Section        0  drv_sound.o(i.sound_senddata)
    i.sound_vol_set                          0x080054f8   Section        0  api_sound.o(i.sound_vol_set)
    i.sqrt                                   0x0800554c   Section        0  sqrt.o(i.sqrt)
    i.sum16256_back32                        0x08005598   Section        0  sum_mean_energy.o(i.sum16256_back32)
    i.sum16_back32                           0x080055b0   Section        0  sum_mean_energy.o(i.sum16_back32)
    i.systick_irq_process                    0x080055cc   Section        0  drv_systick.o(i.systick_irq_process)
    i.timer_init                             0x080055dc   Section        0  drv_timer.o(i.timer_init)
    i.timer_irq_process                      0x08005630   Section        0  drv_timer.o(i.timer_irq_process)
    i.timer_led_twinkle                      0x08005678   Section        0  drv_timer.o(i.timer_led_twinkle)
    i.timer_led_twinkle_off                  0x080056d8   Section        0  drv_timer.o(i.timer_led_twinkle_off)
    i.usart1_rev_irq_process                 0x080056e4   Section        0  drv_uart.o(i.usart1_rev_irq_process)
    i.xcorrcoef                              0x08005798   Section        0  cov.o(i.xcorrcoef)
    .constdata                               0x080057f4   Section       86  api_sound.o(.constdata)
    .constdata                               0x08005850   Section      136  pow.o(.constdata)
    bp                                       0x08005850   Data          16  pow.o(.constdata)
    dp_h                                     0x08005860   Data          16  pow.o(.constdata)
    dp_l                                     0x08005870   Data          16  pow.o(.constdata)
    L                                        0x08005880   Data          48  pow.o(.constdata)
    P                                        0x080058b0   Data          40  pow.o(.constdata)
    .constdata                               0x080058d8   Section        8  qnan.o(.constdata)
    .data                                    0x20000000   Section       59  main.o(.data)
    .data                                    0x2000003c   Section        4  delay.o(.data)
    fac_us                                   0x2000003c   Data           1  delay.o(.data)
    fac_ms                                   0x2000003e   Data           2  delay.o(.data)
    .data                                    0x20000040   Section       11  stm32f10x_it.o(.data)
    ucRecCount                               0x20000046   Data           1  stm32f10x_it.o(.data)
    ucSlaveDataLen                           0x20000048   Data           2  stm32f10x_it.o(.data)
    ucRecFlag                                0x2000004a   Data           1  stm32f10x_it.o(.data)
    .data                                    0x2000004c   Section       20  system_stm32f10x.o(.data)
    .data                                    0x20000060   Section       20  stm32f10x_rcc.o(.data)
    APBAHBPrescTable                         0x20000060   Data          16  stm32f10x_rcc.o(.data)
    ADCPrescTable                            0x20000070   Data           4  stm32f10x_rcc.o(.data)
    .data                                    0x20000074   Section       12  drv_uart.o(.data)
    .data                                    0x20000080   Section       36  drv_led.o(.data)
    .data                                    0x200000a4   Section       23  drv_timer.o(.data)
    Timer_Counter                            0x200000a4   Data           4  drv_timer.o(.data)
    Timer_ms                                 0x200000a8   Data           4  drv_timer.o(.data)
    Timer_s                                  0x200000ac   Data           4  drv_timer.o(.data)
    TLT_EN                                   0x200000b0   Data           1  drv_timer.o(.data)
    TLT_counter                              0x200000b2   Data           2  drv_timer.o(.data)
    TLT_time                                 0x200000b4   Data           2  drv_timer.o(.data)
    TLT_led_num                              0x200000b6   Data           1  drv_timer.o(.data)
    TLT_twinkle_times                        0x200000b8   Data           2  drv_timer.o(.data)
    .data                                    0x200000bc   Section        4  drv_systick.o(.data)
    systick_counter                          0x200000bc   Data           4  drv_systick.o(.data)
    .data                                    0x200000c0   Section       48  drv_detect.o(.data)
    .data                                    0x200000f0   Section        6  api_adc.o(.data)
    Finished_BackSampl                       0x200000f2   Data           1  api_adc.o(.data)
    Begin_BackSampl                          0x200000f3   Data           1  api_adc.o(.data)
    count_sampling                           0x200000f4   Data           2  api_adc.o(.data)
    .data                                    0x200000f8   Section        9  api_shake.o(.data)
    .data                                    0x20000104   Section       13  api_delay_timer.o(.data)
    .data                                    0x20000111   Section       29  api_communicate.o(.data)
    ucPackNum                                0x20000111   Data           1  api_communicate.o(.data)
    ucAlarmHeader                            0x20000112   Data           7  api_communicate.o(.data)
    ucGetCarStateHeader                      0x20000119   Data           7  api_communicate.o(.data)
    ucSendDataHeader                         0x20000120   Data           7  api_communicate.o(.data)
    ucSlaveHeader                            0x20000127   Data           7  api_communicate.o(.data)
    .data                                    0x20000130   Section      112  data_process.o(.data)
    result_z                                 0x20000168   Data           1  data_process.o(.data)
    .data                                    0x200001a0   Section       20  fft.o(.data)
    .data                                    0x200001b4   Section        4  sum_mean_energy.o(.data)
    .data                                    0x200001b8   Section        4  stdout.o(.data)
    .data                                    0x200001bc   Section        4  errno.o(.data)
    _errno                                   0x200001bc   Data           4  errno.o(.data)
    .bss                                     0x200001c0   Section     6715  main.o(.bss)
    .bss                                     0x20001bfb   Section     6144  drv_uart.o(.bss)
    .bss                                     0x200033fc   Section    13704  api_adc.o(.bss)
    AD_store_temp                            0x20006474   Data        1200  api_adc.o(.bss)
    AD_sum                                   0x20006924   Data          48  api_adc.o(.bss)
    AD_min                                   0x20006954   Data          24  api_adc.o(.bss)
    AD_max                                   0x2000696c   Data          24  api_adc.o(.bss)
    .bss                                     0x20006984   Section       16  api_sound.o(.bss)
    .bss                                     0x20006994   Section      538  api_communicate.o(.bss)
    .bss                                     0x20006bb0   Section     5132  data_process.o(.bss)
    .bss                                     0x20007fbc   Section     1024  cov.o(.bss)
    .bss                                     0x200083bc   Section     3072  fft.o(.bss)
    STACK                                    0x20008fc0   Section     1024  startup_stm32f10x_hd.o(STACK)

    Global Symbols

    Symbol Name                              Value     Ov Type        Size  Object(Section)

    BuildAttributes$$THM_ISAv4$P$D$K$B$S$PE$A:L22UL41UL21$X:L11$S22US41US21$IEEE1$IW$USESV6$~STKCKD$USESV7$~SHL$OTIME$ROPI$IEEEX$EBA8$MICROLIB$REQ8$PRES8$EABIv2 0x00000000   Number         0  anon$$obj.o ABSOLUTE
    __ARM_use_no_argv                        0x00000000   Number         0  main.o ABSOLUTE
    _printf_a                                0x00000000   Number         0  stubs.o ABSOLUTE
    _printf_c                                0x00000000   Number         0  stubs.o ABSOLUTE
    _printf_charcount                        0x00000000   Number         0  stubs.o ABSOLUTE
    _printf_d                                0x00000000   Number         0  stubs.o ABSOLUTE
    _printf_e                                0x00000000   Number         0  stubs.o ABSOLUTE
    _printf_f                                0x00000000   Number         0  stubs.o ABSOLUTE
    _printf_flags                            0x00000000   Number         0  stubs.o ABSOLUTE
    _printf_fp_dec                           0x00000000   Number         0  stubs.o ABSOLUTE
    _printf_fp_hex                           0x00000000   Number         0  stubs.o ABSOLUTE
    _printf_g                                0x00000000   Number         0  stubs.o ABSOLUTE
    _printf_i                                0x00000000   Number         0  stubs.o ABSOLUTE
    _printf_int_dec                          0x00000000   Number         0  stubs.o ABSOLUTE
    _printf_l                                0x00000000   Number         0  stubs.o ABSOLUTE
    _printf_lc                               0x00000000   Number         0  stubs.o ABSOLUTE
    _printf_ll                               0x00000000   Number         0  stubs.o ABSOLUTE
    _printf_lld                              0x00000000   Number         0  stubs.o ABSOLUTE
    _printf_lli                              0x00000000   Number         0  stubs.o ABSOLUTE
    _printf_llo                              0x00000000   Number         0  stubs.o ABSOLUTE
    _printf_llu                              0x00000000   Number         0  stubs.o ABSOLUTE
    _printf_llx                              0x00000000   Number         0  stubs.o ABSOLUTE
    _printf_longlong_dec                     0x00000000   Number         0  stubs.o ABSOLUTE
    _printf_longlong_hex                     0x00000000   Number         0  stubs.o ABSOLUTE
    _printf_longlong_oct                     0x00000000   Number         0  stubs.o ABSOLUTE
    _printf_ls                               0x00000000   Number         0  stubs.o ABSOLUTE
    _printf_mbtowc                           0x00000000   Number         0  stubs.o ABSOLUTE
    _printf_n                                0x00000000   Number         0  stubs.o ABSOLUTE
    _printf_o                                0x00000000   Number         0  stubs.o ABSOLUTE
    _printf_p                                0x00000000   Number         0  stubs.o ABSOLUTE
    _printf_percent                          0x00000000   Number         0  stubs.o ABSOLUTE
    _printf_pre_padding                      0x00000000   Number         0  stubs.o ABSOLUTE
    _printf_return_value                     0x00000000   Number         0  stubs.o ABSOLUTE
    _printf_s                                0x00000000   Number         0  stubs.o ABSOLUTE
    _printf_sizespec                         0x00000000   Number         0  stubs.o ABSOLUTE
    _printf_str                              0x00000000   Number         0  stubs.o ABSOLUTE
    _printf_truncate_signed                  0x00000000   Number         0  stubs.o ABSOLUTE
    _printf_truncate_unsigned                0x00000000   Number         0  stubs.o ABSOLUTE
    _printf_u                                0x00000000   Number         0  stubs.o ABSOLUTE
    _printf_wc                               0x00000000   Number         0  stubs.o ABSOLUTE
    _printf_wctomb                           0x00000000   Number         0  stubs.o ABSOLUTE
    _printf_widthprec                        0x00000000   Number         0  stubs.o ABSOLUTE
    _printf_x                                0x00000000   Number         0  stubs.o ABSOLUTE
    __cpp_initialize__aeabi_                  - Undefined Weak Reference
    __cxa_finalize                            - Undefined Weak Reference
    _clock_init                               - Undefined Weak Reference
    _microlib_exit                            - Undefined Weak Reference
    __Vectors_Size                           0x00000130   Number         0  startup_stm32f10x_hd.o ABSOLUTE
    __Vectors                                0x08000000   Data           4  startup_stm32f10x_hd.o(RESET)
    __Vectors_End                            0x08000130   Data           0  startup_stm32f10x_hd.o(RESET)
    __main                                   0x08000131   Thumb Code     0  entry.o(.ARM.Collect$$$$00000000)
    _main_stk                                0x08000131   Thumb Code     0  entry2.o(.ARM.Collect$$$$00000001)
    _main_scatterload                        0x08000135   Thumb Code     0  entry5.o(.ARM.Collect$$$$00000004)
    __main_after_scatterload                 0x08000139   Thumb Code     0  entry5.o(.ARM.Collect$$$$00000004)
    _main_clock                              0x08000139   Thumb Code     0  entry7b.o(.ARM.Collect$$$$00000008)
    _main_cpp_init                           0x08000139   Thumb Code     0  entry8b.o(.ARM.Collect$$$$0000000A)
    _main_init                               0x08000139   Thumb Code     0  entry9a.o(.ARM.Collect$$$$0000000B)
    __rt_final_cpp                           0x08000141   Thumb Code     0  entry10a.o(.ARM.Collect$$$$0000000D)
    __rt_final_exit                          0x08000141   Thumb Code     0  entry11a.o(.ARM.Collect$$$$0000000F)
    Reset_Handler                            0x08000145   Thumb Code     8  startup_stm32f10x_hd.o(.text)
    CAN1_RX1_IRQHandler                      0x0800015f   Thumb Code     0  startup_stm32f10x_hd.o(.text)
    CAN1_SCE_IRQHandler                      0x0800015f   Thumb Code     0  startup_stm32f10x_hd.o(.text)
    USB_HP_CAN1_TX_IRQHandler                0x0800015f   Thumb Code     0  startup_stm32f10x_hd.o(.text)
    USB_LP_CAN1_RX0_IRQHandler               0x0800015f   Thumb Code     0  startup_stm32f10x_hd.o(.text)
    cr4_fft_256_stm32                        0x08000169   Thumb Code     0  cr4_fft_256_stm32.o(.text)
    __aeabi_memcpy                           0x08000747   Thumb Code    36  memcpya.o(.text)
    __aeabi_memcpy4                          0x08000747   Thumb Code     0  memcpya.o(.text)
    __aeabi_memcpy8                          0x08000747   Thumb Code     0  memcpya.o(.text)
    __aeabi_memset                           0x0800076b   Thumb Code    14  memseta.o(.text)
    __aeabi_memset4                          0x0800076b   Thumb Code     0  memseta.o(.text)
    __aeabi_memset8                          0x0800076b   Thumb Code     0  memseta.o(.text)
    __aeabi_memclr                           0x08000779   Thumb Code     4  memseta.o(.text)
    __aeabi_memclr4                          0x08000779   Thumb Code     0  memseta.o(.text)
    __aeabi_memclr8                          0x08000779   Thumb Code     0  memseta.o(.text)
    _memset$wrapper                          0x0800077d   Thumb Code    18  memseta.o(.text)
    __aeabi_fadd                             0x0800078f   Thumb Code   164  fadd.o(.text)
    __aeabi_fsub                             0x08000833   Thumb Code     6  fadd.o(.text)
    __aeabi_frsub                            0x08000839   Thumb Code     6  fadd.o(.text)
    __aeabi_fmul                             0x0800083f   Thumb Code   100  fmul.o(.text)
    __aeabi_fdiv                             0x080008a3   Thumb Code   124  fdiv.o(.text)
    __aeabi_dadd                             0x0800091f   Thumb Code   322  dadd.o(.text)
    __aeabi_dsub                             0x08000a61   Thumb Code     6  dadd.o(.text)
    __aeabi_drsub                            0x08000a67   Thumb Code     6  dadd.o(.text)
    __aeabi_ddiv                             0x08000a6d   Thumb Code   222  ddiv.o(.text)
    __aeabi_i2f                              0x08000b4b   Thumb Code    18  fflti.o(.text)
    __aeabi_ui2f                             0x08000b5d   Thumb Code    10  ffltui.o(.text)
    __aeabi_f2uiz                            0x08000b67   Thumb Code    40  ffixui.o(.text)
    __aeabi_f2d                              0x08000b8f   Thumb Code    38  f2d.o(.text)
    __aeabi_cdcmpeq                          0x08000bb5   Thumb Code     0  cdcmple.o(.text)
    __aeabi_cdcmple                          0x08000bb5   Thumb Code    48  cdcmple.o(.text)
    __aeabi_cdrcmple                         0x08000be5   Thumb Code    48  cdrcmple.o(.text)
    __aeabi_d2f                              0x08000c15   Thumb Code    56  d2f.o(.text)
    __aeabi_cfcmpeq                          0x08000c4d   Thumb Code     0  cfcmple.o(.text)
    __aeabi_cfcmple                          0x08000c4d   Thumb Code    20  cfcmple.o(.text)
    __aeabi_llsl                             0x08000c61   Thumb Code    30  llshl.o(.text)
    _ll_shift_l                              0x08000c61   Thumb Code     0  llshl.o(.text)
    __aeabi_lasr                             0x08000c7f   Thumb Code    36  llsshr.o(.text)
    _ll_sshift_r                             0x08000c7f   Thumb Code     0  llsshr.o(.text)
    __I$use$fp                               0x08000ca3   Thumb Code     0  iusefp.o(.text)
    _float_round                             0x08000ca3   Thumb Code    18  fepilogue.o(.text)
    _float_epilogue                          0x08000cb5   Thumb Code    92  fepilogue.o(.text)
    _double_round                            0x08000d11   Thumb Code    30  depilogue.o(.text)
    _double_epilogue                         0x08000d2f   Thumb Code   156  depilogue.o(.text)
    __aeabi_dmul                             0x08000dcb   Thumb Code   228  dmul.o(.text)
    __ARM_scalbn                             0x08000eaf   Thumb Code    46  dscalb.o(.text)
    scalbn                                   0x08000eaf   Thumb Code     0  dscalb.o(.text)
    _dsqrt                                   0x08000edd   Thumb Code   162  dsqrt.o(.text)
    __aeabi_i2d                              0x08000f7f   Thumb Code    34  dflti.o(.text)
    __scatterload                            0x08000fa1   Thumb Code    28  init.o(.text)
    __scatterload_rt2                        0x08000fa1   Thumb Code     0  init.o(.text)
    __aeabi_llsr                             0x08000fc5   Thumb Code    32  llushr.o(.text)
    _ll_ushift_r                             0x08000fc5   Thumb Code     0  llushr.o(.text)
    __decompress                             0x08000fe5   Thumb Code     0  __dczerorl2.o(.text)
    __decompress1                            0x08000fe5   Thumb Code    86  __dczerorl2.o(.text)
    ADC1_2_IRQHandler                        0x0800103d   Thumb Code    14  stm32f10x_it.o(i.ADC1_2_IRQHandler)
    ADC1_Init                                0x08001055   Thumb Code   392  drv_adc.o(i.ADC1_Init)
    ADC3_IRQHandler                          0x080011e9   Thumb Code     2  stm32f10x_it.o(i.ADC3_IRQHandler)
    ADC_AutoInjectedConvCmd                  0x080011eb   Thumb Code    22  stm32f10x_adc.o(i.ADC_AutoInjectedConvCmd)
    ADC_Cmd                                  0x08001201   Thumb Code    22  stm32f10x_adc.o(i.ADC_Cmd)
    ADC_DMACmd                               0x08001217   Thumb Code    22  stm32f10x_adc.o(i.ADC_DMACmd)
    ADC_DeInit                               0x0800122d   Thumb Code    78  stm32f10x_adc.o(i.ADC_DeInit)
    ADC_ExternalTrigInjectedConvCmd          0x08001289   Thumb Code    22  stm32f10x_adc.o(i.ADC_ExternalTrigInjectedConvCmd)
    ADC_ExternalTrigInjectedConvConfig       0x0800129f   Thumb Code    16  stm32f10x_adc.o(i.ADC_ExternalTrigInjectedConvConfig)
    ADC_GetCalibrationStatus                 0x080012af   Thumb Code    20  stm32f10x_adc.o(i.ADC_GetCalibrationStatus)
    ADC_GetConversionValue                   0x080012c3   Thumb Code     8  stm32f10x_adc.o(i.ADC_GetConversionValue)
    ADC_GetInjectedConversionValue           0x080012cb   Thumb Code    28  stm32f10x_adc.o(i.ADC_GetInjectedConversionValue)
    ADC_GetResetCalibrationStatus            0x080012e7   Thumb Code    20  stm32f10x_adc.o(i.ADC_GetResetCalibrationStatus)
    ADC_Init                                 0x080012fd   Thumb Code    70  stm32f10x_adc.o(i.ADC_Init)
    ADC_InjectedChannelConfig                0x0800134d   Thumb Code   130  stm32f10x_adc.o(i.ADC_InjectedChannelConfig)
    ADC_InjectedSequencerLengthConfig        0x080013cf   Thumb Code    24  stm32f10x_adc.o(i.ADC_InjectedSequencerLengthConfig)
    ADC_RegularChannelConfig                 0x080013e7   Thumb Code   184  stm32f10x_adc.o(i.ADC_RegularChannelConfig)
    ADC_ResetCalibration                     0x0800149f   Thumb Code    10  stm32f10x_adc.o(i.ADC_ResetCalibration)
    ADC_SoftwareStartConvCmd                 0x080014a9   Thumb Code    22  stm32f10x_adc.o(i.ADC_SoftwareStartConvCmd)
    ADC_SoftwareStartInjectedConvCmd         0x080014bf   Thumb Code    22  stm32f10x_adc.o(i.ADC_SoftwareStartInjectedConvCmd)
    ADC_StartCalibration                     0x080014d5   Thumb Code    10  stm32f10x_adc.o(i.ADC_StartCalibration)
    ADC_start                                0x080014e1   Thumb Code    26  drv_adc.o(i.ADC_start)
    BusFault_Handler                         0x08001505   Thumb Code     4  stm32f10x_it.o(i.BusFault_Handler)
    DMA1_Channel1_IRQHandler                 0x08001509   Thumb Code    22  stm32f10x_it.o(i.DMA1_Channel1_IRQHandler)
    DMA1_Channel2_IRQHandler                 0x0800151f   Thumb Code     2  stm32f10x_it.o(i.DMA1_Channel2_IRQHandler)
    DMA1_Channel3_IRQHandler                 0x08001521   Thumb Code     2  stm32f10x_it.o(i.DMA1_Channel3_IRQHandler)
    DMA1_Channel4_IRQHandler                 0x08001523   Thumb Code     2  stm32f10x_it.o(i.DMA1_Channel4_IRQHandler)
    DMA1_Channel5_IRQHandler                 0x08001525   Thumb Code     2  stm32f10x_it.o(i.DMA1_Channel5_IRQHandler)
    DMA1_Channel6_IRQHandler                 0x08001527   Thumb Code     2  stm32f10x_it.o(i.DMA1_Channel6_IRQHandler)
    DMA1_Channel7_IRQHandler                 0x08001529   Thumb Code     2  stm32f10x_it.o(i.DMA1_Channel7_IRQHandler)
    DMA2_Channel1_IRQHandler                 0x0800152b   Thumb Code     2  stm32f10x_it.o(i.DMA2_Channel1_IRQHandler)
    DMA2_Channel2_IRQHandler                 0x0800152d   Thumb Code     2  stm32f10x_it.o(i.DMA2_Channel2_IRQHandler)
    DMA2_Channel3_IRQHandler                 0x0800152f   Thumb Code     2  stm32f10x_it.o(i.DMA2_Channel3_IRQHandler)
    DMA2_Channel4_5_IRQHandler               0x08001531   Thumb Code     2  stm32f10x_it.o(i.DMA2_Channel4_5_IRQHandler)
    DMA_ClearITPendingBit                    0x08001535   Thumb Code    18  stm32f10x_dma.o(i.DMA_ClearITPendingBit)
    DMA_Cmd                                  0x08001551   Thumb Code    24  stm32f10x_dma.o(i.DMA_Cmd)
    DMA_DeInit                               0x08001569   Thumb Code   324  stm32f10x_dma.o(i.DMA_DeInit)
    DMA_GetFlagStatus                        0x080016b5   Thumb Code    36  stm32f10x_dma.o(i.DMA_GetFlagStatus)
    DMA_ITConfig                             0x080016e1   Thumb Code    18  stm32f10x_dma.o(i.DMA_ITConfig)
    DMA_Init                                 0x080016f3   Thumb Code    60  stm32f10x_dma.o(i.DMA_Init)
    Data_Init                                0x0800172f   Thumb Code    10  hw_init.o(i.Data_Init)
    DebugMon_Handler                         0x08001739   Thumb Code     2  stm32f10x_it.o(i.DebugMon_Handler)
    DelayInit                                0x0800173d   Thumb Code    50  delay.o(i.DelayInit)
    DelayMs                                  0x08001781   Thumb Code    72  delay.o(i.DelayMs)
    EXTI0_IRQHandler                         0x080017cd   Thumb Code     2  stm32f10x_it.o(i.EXTI0_IRQHandler)
    EXTI15_10_IRQHandler                     0x080017cf   Thumb Code     2  stm32f10x_it.o(i.EXTI15_10_IRQHandler)
    EXTI1_IRQHandler                         0x080017d1   Thumb Code     2  stm32f10x_it.o(i.EXTI1_IRQHandler)
    EXTI2_IRQHandler                         0x080017d3   Thumb Code    22  stm32f10x_it.o(i.EXTI2_IRQHandler)
    EXTI3_IRQHandler                         0x080017e9   Thumb Code     2  stm32f10x_it.o(i.EXTI3_IRQHandler)
    EXTI4_IRQHandler                         0x080017eb   Thumb Code     2  stm32f10x_it.o(i.EXTI4_IRQHandler)
    EXTI9_5_IRQHandler                       0x080017ed   Thumb Code     2  stm32f10x_it.o(i.EXTI9_5_IRQHandler)
    EXTI_ClearITPendingBit                   0x080017f1   Thumb Code     6  stm32f10x_exti.o(i.EXTI_ClearITPendingBit)
    EXTI_GetITStatus                         0x080017fd   Thumb Code    34  stm32f10x_exti.o(i.EXTI_GetITStatus)
    EXTI_Init                                0x08001825   Thumb Code   142  stm32f10x_exti.o(i.EXTI_Init)
    FLASH_IRQHandler                         0x080018b9   Thumb Code     2  stm32f10x_it.o(i.FLASH_IRQHandler)
    FSMC_IRQHandler                          0x080018bb   Thumb Code     2  stm32f10x_it.o(i.FSMC_IRQHandler)
    GPIO_EXTILineConfig                      0x08001ab5   Thumb Code    60  stm32f10x_gpio.o(i.GPIO_EXTILineConfig)
    GPIO_Init                                0x08001af5   Thumb Code   278  stm32f10x_gpio.o(i.GPIO_Init)
    GPIO_PinRemapConfig                      0x08001c0d   Thumb Code   138  stm32f10x_gpio.o(i.GPIO_PinRemapConfig)
    GPIO_ReadInputDataBit                    0x08001c9d   Thumb Code    18  stm32f10x_gpio.o(i.GPIO_ReadInputDataBit)
    GPIO_ResetBits                           0x08001caf   Thumb Code     4  stm32f10x_gpio.o(i.GPIO_ResetBits)
    GPIO_SetBits                             0x08001cb3   Thumb Code     4  stm32f10x_gpio.o(i.GPIO_SetBits)
    HW_Configuration                         0x08001cb7   Thumb Code    20  hw_init.o(i.HW_Configuration)
    HardFault_Handler                        0x08001ccb   Thumb Code     4  stm32f10x_it.o(i.HardFault_Handler)
    I2C1_ER_IRQHandler                       0x08001ccf   Thumb Code     2  stm32f10x_it.o(i.I2C1_ER_IRQHandler)
    I2C1_EV_IRQHandler                       0x08001cd1   Thumb Code     2  stm32f10x_it.o(i.I2C1_EV_IRQHandler)
    I2C2_ER_IRQHandler                       0x08001cd3   Thumb Code     2  stm32f10x_it.o(i.I2C2_ER_IRQHandler)
    I2C2_EV_IRQHandler                       0x08001cd5   Thumb Code     2  stm32f10x_it.o(i.I2C2_EV_IRQHandler)
    MCO_Config                               0x08001cd7   Thumb Code    10  hw_init.o(i.MCO_Config)
    Master_Response_Slave                    0x08001ce1   Thumb Code   216  api_communicate.o(i.Master_Response_Slave)
    Master_Send_Alarm_Data                   0x08001dcd   Thumb Code   114  api_communicate.o(i.Master_Send_Alarm_Data)
    Master_Send_Data                         0x08001e4d   Thumb Code   360  api_communicate.o(i.Master_Send_Data)
    Master_Send_Data_Frame                   0x08001fb5   Thumb Code   172  api_communicate.o(i.Master_Send_Data_Frame)
    Master_Send_GetCarState_data             0x08002071   Thumb Code   100  api_communicate.o(i.Master_Send_GetCarState_data)
    MemManage_Handler                        0x080020e5   Thumb Code     4  stm32f10x_it.o(i.MemManage_Handler)
    NMI_Handler                              0x080020e9   Thumb Code     2  stm32f10x_it.o(i.NMI_Handler)
    NVIC_Init                                0x0800216d   Thumb Code   100  misc.o(i.NVIC_Init)
    NVIC_PriorityGroupConfig                 0x080021dd   Thumb Code    10  misc.o(i.NVIC_PriorityGroupConfig)
    PVD_IRQHandler                           0x080021f1   Thumb Code     2  stm32f10x_it.o(i.PVD_IRQHandler)
    Pack_Num_Count                           0x080021f5   Thumb Code    28  api_communicate.o(i.Pack_Num_Count)
    PendSV_Handler                           0x08002215   Thumb Code     2  stm32f10x_it.o(i.PendSV_Handler)
    RCC_ADCCLKConfig                         0x08002219   Thumb Code    18  stm32f10x_rcc.o(i.RCC_ADCCLKConfig)
    RCC_AHBPeriphClockCmd                    0x08002231   Thumb Code    26  stm32f10x_rcc.o(i.RCC_AHBPeriphClockCmd)
    RCC_APB1PeriphClockCmd                   0x08002251   Thumb Code    26  stm32f10x_rcc.o(i.RCC_APB1PeriphClockCmd)
    RCC_APB2PeriphClockCmd                   0x08002271   Thumb Code    26  stm32f10x_rcc.o(i.RCC_APB2PeriphClockCmd)
    RCC_APB2PeriphResetCmd                   0x08002291   Thumb Code    26  stm32f10x_rcc.o(i.RCC_APB2PeriphResetCmd)
    RCC_DeInit                               0x08002309   Thumb Code    64  stm32f10x_rcc.o(i.RCC_DeInit)
    RCC_GetClocksFreq                        0x08002355   Thumb Code   192  stm32f10x_rcc.o(i.RCC_GetClocksFreq)
    RCC_GetFlagStatus                        0x08002429   Thumb Code    56  stm32f10x_rcc.o(i.RCC_GetFlagStatus)
    RCC_GetSYSCLKSource                      0x08002465   Thumb Code    10  stm32f10x_rcc.o(i.RCC_GetSYSCLKSource)
    RCC_HCLKConfig                           0x08002475   Thumb Code    18  stm32f10x_rcc.o(i.RCC_HCLKConfig)
    RCC_HSEConfig                            0x0800248d   Thumb Code    70  stm32f10x_rcc.o(i.RCC_HSEConfig)
    RCC_IRQHandler                           0x080024d9   Thumb Code     2  stm32f10x_it.o(i.RCC_IRQHandler)
    RCC_MCOConfig                            0x080024dd   Thumb Code     6  stm32f10x_rcc.o(i.RCC_MCOConfig)
    RCC_PCLK1Config                          0x080024e9   Thumb Code    18  stm32f10x_rcc.o(i.RCC_PCLK1Config)
    RCC_PCLK2Config                          0x08002501   Thumb Code    20  stm32f10x_rcc.o(i.RCC_PCLK2Config)
    RCC_PLLCmd                               0x08002519   Thumb Code     6  stm32f10x_rcc.o(i.RCC_PLLCmd)
    RCC_PLLConfig                            0x08002525   Thumb Code    24  stm32f10x_rcc.o(i.RCC_PLLConfig)
    RCC_SYSCLKConfig                         0x08002541   Thumb Code    18  stm32f10x_rcc.o(i.RCC_SYSCLKConfig)
    RCC_WaitForHSEStartUp                    0x08002559   Thumb Code    56  stm32f10x_rcc.o(i.RCC_WaitForHSEStartUp)
    RTCAlarm_IRQHandler                      0x08002591   Thumb Code     2  stm32f10x_it.o(i.RTCAlarm_IRQHandler)
    RTC_IRQHandler                           0x08002593   Thumb Code     2  stm32f10x_it.o(i.RTC_IRQHandler)
    SDIO_IRQHandler                          0x08002595   Thumb Code     2  stm32f10x_it.o(i.SDIO_IRQHandler)
    SPI1_IRQHandler                          0x08002597   Thumb Code     2  stm32f10x_it.o(i.SPI1_IRQHandler)
    SPI2_IRQHandler                          0x08002599   Thumb Code     2  stm32f10x_it.o(i.SPI2_IRQHandler)
    SPI3_IRQHandler                          0x0800259b   Thumb Code     2  stm32f10x_it.o(i.SPI3_IRQHandler)
    SVC_Handler                              0x0800259d   Thumb Code     2  stm32f10x_it.o(i.SVC_Handler)
    Send_debug_message                       0x080025a1   Thumb Code   140  api_sendmessage.o(i.Send_debug_message)
    Slave_Response_Master                    0x0800272d   Thumb Code    82  api_communicate.o(i.Slave_Response_Master)
    SysTick_CLKSourceConfig                  0x08002791   Thumb Code    40  misc.o(i.SysTick_CLKSourceConfig)
    SysTick_Handler                          0x080027b9   Thumb Code     8  stm32f10x_it.o(i.SysTick_Handler)
    SystemInit                               0x080027c1   Thumb Code    78  system_stm32f10x.o(i.SystemInit)
    TAMPER_IRQHandler                        0x08002821   Thumb Code     2  stm32f10x_it.o(i.TAMPER_IRQHandler)
    TIM1_BRK_IRQHandler                      0x08002823   Thumb Code     2  stm32f10x_it.o(i.TIM1_BRK_IRQHandler)
    TIM1_CC_IRQHandler                       0x08002825   Thumb Code     2  stm32f10x_it.o(i.TIM1_CC_IRQHandler)
    TIM1_TRG_COM_IRQHandler                  0x08002827   Thumb Code     2  stm32f10x_it.o(i.TIM1_TRG_COM_IRQHandler)
    TIM1_UP_IRQHandler                       0x08002829   Thumb Code     2  stm32f10x_it.o(i.TIM1_UP_IRQHandler)
    TIM2_IRQHandler                          0x0800282b   Thumb Code    26  stm32f10x_it.o(i.TIM2_IRQHandler)
    TIM3_IRQHandler                          0x08002845   Thumb Code     2  stm32f10x_it.o(i.TIM3_IRQHandler)
    TIM4_IRQHandler                          0x08002847   Thumb Code     2  stm32f10x_it.o(i.TIM4_IRQHandler)
    TIM5_IRQHandler                          0x08002849   Thumb Code     2  stm32f10x_it.o(i.TIM5_IRQHandler)
    TIM6_IRQHandler                          0x0800284b   Thumb Code     2  stm32f10x_it.o(i.TIM6_IRQHandler)
    TIM7_IRQHandler                          0x0800284d   Thumb Code     2  stm32f10x_it.o(i.TIM7_IRQHandler)
    TIM8_BRK_IRQHandler                      0x0800284f   Thumb Code     2  stm32f10x_it.o(i.TIM8_BRK_IRQHandler)
    TIM8_CC_IRQHandler                       0x08002851   Thumb Code     2  stm32f10x_it.o(i.TIM8_CC_IRQHandler)
    TIM8_TRG_COM_IRQHandler                  0x08002853   Thumb Code     2  stm32f10x_it.o(i.TIM8_TRG_COM_IRQHandler)
    TIM8_UP_IRQHandler                       0x08002855   Thumb Code     2  stm32f10x_it.o(i.TIM8_UP_IRQHandler)
    TIM_ClearITPendingBit                    0x08002857   Thumb Code     6  stm32f10x_tim.o(i.TIM_ClearITPendingBit)
    TIM_Cmd                                  0x0800285d   Thumb Code    24  stm32f10x_tim.o(i.TIM_Cmd)
    TIM_GetITStatus                          0x08002875   Thumb Code    34  stm32f10x_tim.o(i.TIM_GetITStatus)
    TIM_ITConfig                             0x08002897   Thumb Code    18  stm32f10x_tim.o(i.TIM_ITConfig)
    TIM_TimeBaseInit                         0x080028a9   Thumb Code   122  stm32f10x_tim.o(i.TIM_TimeBaseInit)
    UART4_IRQHandler                         0x08002a11   Thumb Code     2  stm32f10x_it.o(i.UART4_IRQHandler)
    UART5_IRQHandler                         0x08002a15   Thumb Code   214  stm32f10x_it.o(i.UART5_IRQHandler)
    USART1_Config                            0x08002b05   Thumb Code    78  drv_uart.o(i.USART1_Config)
    USART1_IRQHandler                        0x08002b59   Thumb Code   180  stm32f10x_it.o(i.USART1_IRQHandler)
    USART2_IRQHandler                        0x08002c21   Thumb Code     2  stm32f10x_it.o(i.USART2_IRQHandler)
    USART3_Config                            0x08002c25   Thumb Code    70  drv_uart.o(i.USART3_Config)
    USART3_IRQHandler                        0x08002c71   Thumb Code    14  stm32f10x_it.o(i.USART3_IRQHandler)
    USART4_Config                            0x08002c85   Thumb Code    58  drv_uart.o(i.USART4_Config)
    USART5_Config                            0x08002cc5   Thumb Code    70  drv_uart.o(i.USART5_Config)
    USART_ClearFlag                          0x08002d11   Thumb Code    18  stm32f10x_usart.o(i.USART_ClearFlag)
    USART_ClearITPendingBit                  0x08002d23   Thumb Code    30  stm32f10x_usart.o(i.USART_ClearITPendingBit)
    USART_Cmd                                0x08002d41   Thumb Code    24  stm32f10x_usart.o(i.USART_Cmd)
    USART_GetFlagStatus                      0x08002d59   Thumb Code    26  stm32f10x_usart.o(i.USART_GetFlagStatus)
    USART_GetITStatus                        0x08002d73   Thumb Code    84  stm32f10x_usart.o(i.USART_GetITStatus)
    USART_ITConfig                           0x08002dc7   Thumb Code    74  stm32f10x_usart.o(i.USART_ITConfig)
    USART_Init                               0x08002e11   Thumb Code   210  stm32f10x_usart.o(i.USART_Init)
    USART_ReceiveData                        0x08002ee9   Thumb Code    10  stm32f10x_usart.o(i.USART_ReceiveData)
    USART_SendData                           0x08002ef3   Thumb Code     8  stm32f10x_usart.o(i.USART_SendData)
    USBWakeUp_IRQHandler                     0x08002efb   Thumb Code     2  stm32f10x_it.o(i.USBWakeUp_IRQHandler)
    UcAnalysis_RecSlave_Data                 0x08002efd   Thumb Code   298  api_communicate.o(i.UcAnalysis_RecSlave_Data)
    UsageFault_Handler                       0x08003051   Thumb Code     4  stm32f10x_it.o(i.UsageFault_Handler)
    Usart_SendByte                           0x08003055   Thumb Code    30  drv_uart.o(i.Usart_SendByte)
    WWDG_IRQHandler                          0x08003073   Thumb Code     2  stm32f10x_it.o(i.WWDG_IRQHandler)
    __0printf$2                              0x08003075   Thumb Code    22  printf2.o(i.__0printf$2)
    __1printf$2                              0x08003075   Thumb Code     0  printf2.o(i.__0printf$2)
    __2printf                                0x08003075   Thumb Code     0  printf2.o(i.__0printf$2)
    __ARM_fpclassify                         0x08003095   Thumb Code    40  fpclassify.o(i.__ARM_fpclassify)
    __kernel_poly                            0x080030bd   Thumb Code   170  poly.o(i.__kernel_poly)
    __mathlib_dbl_divzero                    0x08003169   Thumb Code    12  dunder.o(i.__mathlib_dbl_divzero)
    __mathlib_dbl_infnan2                    0x08003179   Thumb Code     4  dunder.o(i.__mathlib_dbl_infnan2)
    __mathlib_dbl_invalid                    0x0800317d   Thumb Code    12  dunder.o(i.__mathlib_dbl_invalid)
    __mathlib_dbl_overflow                   0x08003189   Thumb Code    14  dunder.o(i.__mathlib_dbl_overflow)
    __mathlib_dbl_underflow                  0x08003199   Thumb Code    10  dunder.o(i.__mathlib_dbl_underflow)
    __scatterload_copy                       0x080031a9   Thumb Code    14  handlers.o(i.__scatterload_copy)
    __scatterload_null                       0x080031b7   Thumb Code     2  handlers.o(i.__scatterload_null)
    __scatterload_zeroinit                   0x080031b9   Thumb Code    14  handlers.o(i.__scatterload_zeroinit)
    __set_errno                              0x080031c9   Thumb Code     6  errno.o(i.__set_errno)
    adc_adjust                               0x080032ad   Thumb Code    54  api_adc.o(i.adc_adjust)
    corrcoef                                 0x080032f1   Thumb Code   188  cov.o(i.corrcoef)
    cov                                      0x080033b1   Thumb Code   410  cov.o(i.cov)
    data_process_lowdetect                   0x0800354d   Thumb Code  1772  data_process.o(i.data_process_lowdetect)
    debug_get_adjust                         0x08003cbd   Thumb Code    12  debug.o(i.debug_get_adjust)
    delay_100us                              0x08003cc9   Thumb Code    24  hw_common.o(i.delay_100us)
    delay_ms                                 0x08003ce1   Thumb Code    20  drv_timer.o(i.delay_ms)
    diff32                                   0x08003cf9   Thumb Code    36  diff.o(i.diff32)
    display_battery                          0x08003d1d   Thumb Code    84  api_battery.o(i.display_battery)
    display_battery_first                    0x08003d71   Thumb Code   106  api_battery.o(i.display_battery_first)
    dma1_irq_adc_process                     0x08003e59   Thumb Code   680  api_adc.o(i.dma1_irq_adc_process)
    energy16256_back32                       0x0800413d   Thumb Code    54  sum_mean_energy.o(i.energy16256_back32)
    energy16512_back32                       0x08004173   Thumb Code    60  sum_mean_energy.o(i.energy16512_back32)
    fft_256_adjust                           0x080041b1   Thumb Code   328  fft.o(i.fft_256_adjust)
    fputc                                    0x0800431d   Thumb Code    32  drv_uart.o(i.fputc)
    get_N                                    0x08004341   Thumb Code    34  sum_mean_energy.o(i.get_N)
    get_accuFind                             0x08004363   Thumb Code    58  sum_mean_energy.o(i.get_accuFind)
    get_accuRind                             0x0800439d   Thumb Code    78  sum_mean_energy.o(i.get_accuRind)
    get_c                                    0x0800441d   Thumb Code    76  sum_mean_energy.o(i.get_c)
    get_d                                    0x08004469   Thumb Code    58  sum_mean_energy.o(i.get_d)
    get_injected_value                       0x080044a5   Thumb Code    30  drv_adc.o(i.get_injected_value)
    get_max                                  0x080044c9   Thumb Code    36  sum_mean_energy.o(i.get_max)
    get_max_pos                              0x080044ed   Thumb Code    38  sum_mean_energy.o(i.get_max_pos)
    get_min                                  0x08004513   Thumb Code    36  sum_mean_energy.o(i.get_min)
    get_r                                    0x08004537   Thumb Code   126  sum_mean_energy.o(i.get_r)
    get_rps_fre                              0x080045b5   Thumb Code   112  sum_mean_energy.o(i.get_rps_fre)
    get_sec_sta                              0x08004625   Thumb Code   104  sum_mean_energy.o(i.get_sec_sta)
    gpio_int_init                            0x0800468d   Thumb Code    40  drv_gpio_int.o(i.gpio_int_init)
    gpio_int_process                         0x080046b5   Thumb Code    16  drv_gpio_int.o(i.gpio_int_process)
    irq_delay_timer                          0x080046c5   Thumb Code    70  api_delay_timer.o(i.irq_delay_timer)
    is_door_closed                           0x0800471d   Thumb Code    30  drv_detect.o(i.is_door_closed)
    led_off                                  0x08004745   Thumb Code    22  drv_led.o(i.led_off)
    led_on                                   0x08004765   Thumb Code    22  drv_led.o(i.led_on)
    led_twinkle                              0x08004785   Thumb Code   182  api_battery.o(i.led_twinkle)
    main                                     0x0800483d   Thumb Code   268  main.o(i.main)
    mean_256_adjust                          0x08004969   Thumb Code    52  sum_mean_energy.o(i.mean_256_adjust)
    play_sound                               0x080049a1   Thumb Code   154  api_sound.o(i.play_sound)
    pow                                      0x08004a45   Thumb Code  2512  pow.o(i.pow)
    shake_time_process                       0x0800541d   Thumb Code    52  api_shake.o(i.shake_time_process)
    sound_getdata                            0x0800545d   Thumb Code   102  drv_sound.o(i.sound_getdata)
    sound_senddata                           0x080054c9   Thumb Code    42  drv_sound.o(i.sound_senddata)
    sound_vol_set                            0x080054f9   Thumb Code    84  api_sound.o(i.sound_vol_set)
    sqrt                                     0x0800554d   Thumb Code    76  sqrt.o(i.sqrt)
    sum16256_back32                          0x08005599   Thumb Code    24  sum_mean_energy.o(i.sum16256_back32)
    sum16_back32                             0x080055b1   Thumb Code    28  sum_mean_energy.o(i.sum16_back32)
    systick_irq_process                      0x080055cd   Thumb Code    12  drv_systick.o(i.systick_irq_process)
    timer_init                               0x080055dd   Thumb Code    76  drv_timer.o(i.timer_init)
    timer_irq_process                        0x08005631   Thumb Code    60  drv_timer.o(i.timer_irq_process)
    timer_led_twinkle                        0x08005679   Thumb Code    76  drv_timer.o(i.timer_led_twinkle)
    timer_led_twinkle_off                    0x080056d9   Thumb Code     8  drv_timer.o(i.timer_led_twinkle_off)
    usart1_rev_irq_process                   0x080056e5   Thumb Code   148  drv_uart.o(i.usart1_rev_irq_process)
    xcorrcoef                                0x08005799   Thumb Code    92  cov.o(i.xcorrcoef)
    s01_inquire_play                         0x080057f4   Data           4  api_sound.o(.constdata)
    s02_data_spk                             0x080057f8   Data           4  api_sound.o(.constdata)
    s05_next_spk                             0x080057fc   Data           4  api_sound.o(.constdata)
    s06_previous_spk                         0x08005800   Data           4  api_sound.o(.constdata)
    s07_qumu1                                0x08005804   Data           6  api_sound.o(.constdata)
    s07_qumu2                                0x0800580a   Data           6  api_sound.o(.constdata)
    s07_qumu3                                0x08005810   Data           6  api_sound.o(.constdata)
    s07_qumu4                                0x08005816   Data           6  api_sound.o(.constdata)
    s07_qumu5                                0x0800581c   Data           6  api_sound.o(.constdata)
    s07_qumu6                                0x08005822   Data           6  api_sound.o(.constdata)
    s07_qumu7                                0x08005828   Data           6  api_sound.o(.constdata)
    s07_qumu8                                0x0800582e   Data           6  api_sound.o(.constdata)
    s07_data_play                            0x08005834   Data           4  api_sound.o(.constdata)
    s0b_data_flash                           0x08005838   Data           5  api_sound.o(.constdata)
    s13_data_vol                             0x0800583d   Data           5  api_sound.o(.constdata)
    s14_vol_up                               0x08005842   Data           4  api_sound.o(.constdata)
    s15_vol_down                             0x08005846   Data           4  api_sound.o(.constdata)
    __mathlib_zero                           0x080058d8   Data           8  qnan.o(.constdata)
    Region$$Table$$Base                      0x080058e0   Number         0  anon$$obj.o(Region$$Table)
    Region$$Table$$Limit                     0x08005900   Number         0  anon$$obj.o(Region$$Table)
    door_times                               0x20000000   Data           4  main.o(.data)
    ucSalvePackLen                           0x20000004   Data           2  main.o(.data)
    ucAlarmtest                              0x20000006   Data           4  main.o(.data)
    ucSlaveResponseAlarm                     0x2000000a   Data           8  main.o(.data)
    ucSlaveResponseSendData                  0x20000012   Data           8  main.o(.data)
    force_data                               0x2000001c   Data           4  main.o(.data)
    force_data_sum                           0x20000020   Data           4  main.o(.data)
    g_tCarDoorState                          0x20000024   Data           7  main.o(.data)
    g_tCarState                              0x2000002b   Data           6  main.o(.data)
    g_ucCarDoorFlag                          0x20000031   Data           1  main.o(.data)
    g_ucADCTriggerFlag                       0x20000032   Data           1  main.o(.data)
    g_ucAlgorithmFlag                        0x20000033   Data           1  main.o(.data)
    g_ucMasterSendFlag                       0x20000034   Data           1  main.o(.data)
    g_ucCarLockFlag                          0x20000035   Data           1  main.o(.data)
    g_ucCarWinFlag                           0x20000036   Data           1  main.o(.data)
    g_ucCarTrunkFlag                         0x20000037   Data           1  main.o(.data)
    g_ucCarACCFlag                           0x20000038   Data           1  main.o(.data)
    g_ucThresholdFlag                        0x20000039   Data           1  main.o(.data)
    g_ucGetCarStateresponse                  0x2000003a   Data           1  main.o(.data)
    ADC2ConvertedValue                       0x20000040   Data           2  stm32f10x_it.o(.data)
    usart1_irq_i                             0x20000042   Data           1  stm32f10x_it.o(.data)
    data_rev                                 0x20000043   Data           1  stm32f10x_it.o(.data)
    ch2byte                                  0x20000044   Data           1  stm32f10x_it.o(.data)
    data_byte                                0x20000045   Data           1  stm32f10x_it.o(.data)
    SystemCoreClock                          0x2000004c   Data           4  system_stm32f10x.o(.data)
    AHBPrescTable                            0x20000050   Data          16  system_stm32f10x.o(.data)
    rev_state                                0x20000074   Data           1  drv_uart.o(.data)
    cmd_data_len                             0x20000076   Data           2  drv_uart.o(.data)
    rev_finished                             0x20000078   Data           1  drv_uart.o(.data)
    len_ptr                                  0x2000007a   Data           2  drv_uart.o(.data)
    len_ptr2                                 0x2000007c   Data           2  drv_uart.o(.data)
    len_ptr3                                 0x2000007e   Data           2  drv_uart.o(.data)
    LED_GPIO_buf                             0x20000080   Data          24  drv_led.o(.data)
    LED_PIN_buf                              0x20000098   Data          12  drv_led.o(.data)
    TLT_led_reverse_STATE                    0x200000ba   Data           1  drv_timer.o(.data)
    Door_GPIO_buf                            0x200000c0   Data          32  drv_detect.o(.data)
    Door_PIN_buf                             0x200000e0   Data          16  drv_detect.o(.data)
    trigger_status                           0x200000f0   Data           1  api_adc.o(.data)
    Admit_SampleAD                           0x200000f1   Data           1  api_adc.o(.data)
    shake_time                               0x200000f8   Data           4  api_shake.o(.data)
    shake_counter                            0x200000fc   Data           4  api_shake.o(.data)
    begin_shake                              0x20000100   Data           1  api_shake.o(.data)
    DT_en                                    0x20000104   Data           2  api_delay_timer.o(.data)
    DT_counter                               0x20000108   Data           8  api_delay_timer.o(.data)
    is_irq_in                                0x20000110   Data           1  api_delay_timer.o(.data)
    max_data_ptr                             0x20000130   Data           4  data_process.o(.data)
    pos_I1                                   0x20000134   Data           2  data_process.o(.data)
    pos_I2                                   0x20000136   Data           2  data_process.o(.data)
    rps_fre1                                 0x20000138   Data           4  data_process.o(.data)
    rps_fre2                                 0x2000013c   Data           4  data_process.o(.data)
    diff_max                                 0x20000140   Data           4  data_process.o(.data)
    diff_min                                 0x20000144   Data           4  data_process.o(.data)
    ratio_w                                  0x20000148   Data           4  data_process.o(.data)
    ratio_d                                  0x2000014c   Data           4  data_process.o(.data)
    ratio_c                                  0x20000150   Data           4  data_process.o(.data)
    ratio_r                                  0x20000154   Data           4  data_process.o(.data)
    ratio_r2                                 0x20000158   Data           4  data_process.o(.data)
    ratio_r3                                 0x2000015c   Data           4  data_process.o(.data)
    ratio_Qr                                 0x20000160   Data           4  data_process.o(.data)
    ratio_sec_sta                            0x20000164   Data           4  data_process.o(.data)
    fft1_max                                 0x2000016a   Data           2  data_process.o(.data)
    fft1_max_N                               0x2000016c   Data           2  data_process.o(.data)
    accuRind                                 0x2000016e   Data           2  data_process.o(.data)
    accuFind                                 0x20000170   Data           2  data_process.o(.data)
    fft_adjust                               0x20000172   Data           1  data_process.o(.data)
    energy256_1                              0x20000174   Data           4  data_process.o(.data)
    energy256_2                              0x20000178   Data           4  data_process.o(.data)
    energy_qsort_3                           0x2000017c   Data           4  data_process.o(.data)
    energy_limit                             0x20000180   Data           4  data_process.o(.data)
    energy_limit1                            0x20000184   Data           4  data_process.o(.data)
    energy_limit2                            0x20000188   Data           4  data_process.o(.data)
    energy_limit3                            0x2000018c   Data           4  data_process.o(.data)
    energy_limit4                            0x20000190   Data           4  data_process.o(.data)
    energy_limit5                            0x20000194   Data           4  data_process.o(.data)
    energy_limit6                            0x20000198   Data           4  data_process.o(.data)
    FFT_long_ptr                             0x2000019c   Data           4  data_process.o(.data)
    re                                       0x200001a0   Data           4  fft.o(.data)
    im                                       0x200001a4   Data           4  fft.o(.data)
    X                                        0x200001a8   Data           4  fft.o(.data)
    Y                                        0x200001ac   Data           4  fft.o(.data)
    Mag                                      0x200001b0   Data           4  fft.o(.data)
    mean_sum                                 0x200001b4   Data           4  sum_mean_energy.o(.data)
    __stdout                                 0x200001b8   Data           4  stdout.o(.data)
    senddata                                 0x200001c0   Data        6144  main.o(.bss)
    ucReciveBuffer                           0x200019c0   Data         520  main.o(.bss)
    ucSetThreshold                           0x20001bc8   Data          18  main.o(.bss)
    ucSlaveResponseCarState                  0x20001bda   Data          16  main.o(.bss)
    g_tCarThreshold                          0x20001bea   Data          17  main.o(.bss)
    cmd_data_buf                             0x20001bfb   Data        6144  drv_uart.o(.bss)
    AD_value                                 0x200033fc   Data          24  api_adc.o(.bss)
    Back_Average                             0x20003414   Data          24  api_adc.o(.bss)
    backnoise                                0x2000342c   Data          24  api_adc.o(.bss)
    Threshold_Max                            0x20003444   Data          24  api_adc.o(.bss)
    Threshold_Min                            0x2000345c   Data          24  api_adc.o(.bss)
    AD_store_final                           0x20003474   Data       12288  api_adc.o(.bss)
    sound_back_buf                           0x20006984   Data          16  api_sound.o(.bss)
    ucSendData                               0x20006994   Data         512  api_communicate.o(.bss)
    ucResponse                               0x20006b94   Data          26  api_communicate.o(.bss)
    str_data_juge                            0x20006bb0   Data          24  data_process.o(.bss)
    FFT_data1                                0x20006bc8   Data         512  data_process.o(.bss)
    FFT_data2                                0x20006dc8   Data         512  data_process.o(.bss)
    xcorr_buf                                0x20006fc8   Data        2044  data_process.o(.bss)
    xcorr_diff_buf                           0x200077c4   Data        2040  data_process.o(.bss)
    corrcoef_buf                             0x20007fbc   Data        1024  cov.o(.bss)
    lBufInArray                              0x200083bc   Data        1024  fft.o(.bss)
    lBufOutArray                             0x200087bc   Data        1024  fft.o(.bss)
    x1                                       0x20008bbc   Data        1024  fft.o(.bss)
    __initial_sp                             0x200093c0   Data           0  startup_stm32f10x_hd.o(STACK)



==============================================================================

Memory Map of the image

  Image Entry point : 0x08000131

  Load Region LR_IROM1 (Base: 0x08000000, Size: 0x00005ac0, Max: 0x00080000, ABSOLUTE, COMPRESSED[0x0000595c])

    Execution Region ER_IROM1 (Base: 0x08000000, Size: 0x00005900, Max: 0x00080000, ABSOLUTE)

    Base Addr    Size         Type   Attr      Idx    E Section Name        Object

    0x08000000   0x00000130   Data   RO          785    RESET               startup_stm32f10x_hd.o
    0x08000130   0x00000000   Code   RO         3646  * .ARM.Collect$$$$00000000  mc_w.l(entry.o)
    0x08000130   0x00000004   Code   RO         3965    .ARM.Collect$$$$00000001  mc_w.l(entry2.o)
    0x08000134   0x00000004   Code   RO         3968    .ARM.Collect$$$$00000004  mc_w.l(entry5.o)
    0x08000138   0x00000000   Code   RO         3970    .ARM.Collect$$$$00000008  mc_w.l(entry7b.o)
    0x08000138   0x00000000   Code   RO         3972    .ARM.Collect$$$$0000000A  mc_w.l(entry8b.o)
    0x08000138   0x00000008   Code   RO         3973    .ARM.Collect$$$$0000000B  mc_w.l(entry9a.o)
    0x08000140   0x00000000   Code   RO         3975    .ARM.Collect$$$$0000000D  mc_w.l(entry10a.o)
    0x08000140   0x00000000   Code   RO         3977    .ARM.Collect$$$$0000000F  mc_w.l(entry11a.o)
    0x08000140   0x00000004   Code   RO         3966    .ARM.Collect$$$$00002712  mc_w.l(entry2.o)
    0x08000144   0x00000024   Code   RO          786    .text               startup_stm32f10x_hd.o
    0x08000168   0x000005de   Code   RO         3625    .text               dataprocess.lib(cr4_fft_256_stm32.o)
    0x08000746   0x00000024   Code   RO         3649    .text               mc_w.l(memcpya.o)
    0x0800076a   0x00000024   Code   RO         3651    .text               mc_w.l(memseta.o)
    0x0800078e   0x000000b0   Code   RO         3918    .text               mf_w.l(fadd.o)
    0x0800083e   0x00000064   Code   RO         3920    .text               mf_w.l(fmul.o)
    0x080008a2   0x0000007c   Code   RO         3922    .text               mf_w.l(fdiv.o)
    0x0800091e   0x0000014e   Code   RO         3924    .text               mf_w.l(dadd.o)
    0x08000a6c   0x000000de   Code   RO         3926    .text               mf_w.l(ddiv.o)
    0x08000b4a   0x00000012   Code   RO         3928    .text               mf_w.l(fflti.o)
    0x08000b5c   0x0000000a   Code   RO         3930    .text               mf_w.l(ffltui.o)
    0x08000b66   0x00000028   Code   RO         3932    .text               mf_w.l(ffixui.o)
    0x08000b8e   0x00000026   Code   RO         3934    .text               mf_w.l(f2d.o)
    0x08000bb4   0x00000030   Code   RO         3936    .text               mf_w.l(cdcmple.o)
    0x08000be4   0x00000030   Code   RO         3938    .text               mf_w.l(cdrcmple.o)
    0x08000c14   0x00000038   Code   RO         3940    .text               mf_w.l(d2f.o)
    0x08000c4c   0x00000014   Code   RO         3942    .text               mf_w.l(cfcmple.o)
    0x08000c60   0x0000001e   Code   RO         3984    .text               mc_w.l(llshl.o)
    0x08000c7e   0x00000024   Code   RO         3986    .text               mc_w.l(llsshr.o)
    0x08000ca2   0x00000000   Code   RO         3995    .text               mc_w.l(iusefp.o)
    0x08000ca2   0x0000006e   Code   RO         3996    .text               mf_w.l(fepilogue.o)
    0x08000d10   0x000000ba   Code   RO         3998    .text               mf_w.l(depilogue.o)
    0x08000dca   0x000000e4   Code   RO         4000    .text               mf_w.l(dmul.o)
    0x08000eae   0x0000002e   Code   RO         4002    .text               mf_w.l(dscalb.o)
    0x08000edc   0x000000a2   Code   RO         4004    .text               mf_w.l(dsqrt.o)
    0x08000f7e   0x00000022   Code   RO         4006    .text               mf_w.l(dflti.o)
    0x08000fa0   0x00000024   Code   RO         4010    .text               mc_w.l(init.o)
    0x08000fc4   0x00000020   Code   RO         4012    .text               mc_w.l(llushr.o)
    0x08000fe4   0x00000056   Code   RO         4022    .text               mc_w.l(__dczerorl2.o)
    0x0800103a   0x00000002   PAD
    0x0800103c   0x00000018   Code   RO          328    i.ADC1_2_IRQHandler  stm32f10x_it.o
    0x08001054   0x00000194   Code   RO         2706    i.ADC1_Init         drv_adc.o
    0x080011e8   0x00000002   Code   RO          329    i.ADC3_IRQHandler   stm32f10x_it.o
    0x080011ea   0x00000016   Code   RO          829    i.ADC_AutoInjectedConvCmd  stm32f10x_adc.o
    0x08001200   0x00000016   Code   RO          832    i.ADC_Cmd           stm32f10x_adc.o
    0x08001216   0x00000016   Code   RO          833    i.ADC_DMACmd        stm32f10x_adc.o
    0x0800122c   0x0000005c   Code   RO          834    i.ADC_DeInit        stm32f10x_adc.o
    0x08001288   0x00000016   Code   RO          838    i.ADC_ExternalTrigInjectedConvCmd  stm32f10x_adc.o
    0x0800129e   0x00000010   Code   RO          839    i.ADC_ExternalTrigInjectedConvConfig  stm32f10x_adc.o
    0x080012ae   0x00000014   Code   RO          840    i.ADC_GetCalibrationStatus  stm32f10x_adc.o
    0x080012c2   0x00000008   Code   RO          841    i.ADC_GetConversionValue  stm32f10x_adc.o
    0x080012ca   0x0000001c   Code   RO          845    i.ADC_GetInjectedConversionValue  stm32f10x_adc.o
    0x080012e6   0x00000014   Code   RO          846    i.ADC_GetResetCalibrationStatus  stm32f10x_adc.o
    0x080012fa   0x00000002   PAD
    0x080012fc   0x00000050   Code   RO          850    i.ADC_Init          stm32f10x_adc.o
    0x0800134c   0x00000082   Code   RO          851    i.ADC_InjectedChannelConfig  stm32f10x_adc.o
    0x080013ce   0x00000018   Code   RO          853    i.ADC_InjectedSequencerLengthConfig  stm32f10x_adc.o
    0x080013e6   0x000000b8   Code   RO          854    i.ADC_RegularChannelConfig  stm32f10x_adc.o
    0x0800149e   0x0000000a   Code   RO          855    i.ADC_ResetCalibration  stm32f10x_adc.o
    0x080014a8   0x00000016   Code   RO          857    i.ADC_SoftwareStartConvCmd  stm32f10x_adc.o
    0x080014be   0x00000016   Code   RO          858    i.ADC_SoftwareStartInjectedConvCmd  stm32f10x_adc.o
    0x080014d4   0x0000000a   Code   RO          859    i.ADC_StartCalibration  stm32f10x_adc.o
    0x080014de   0x00000002   PAD
    0x080014e0   0x00000024   Code   RO         2707    i.ADC_start         drv_adc.o
    0x08001504   0x00000004   Code   RO          330    i.BusFault_Handler  stm32f10x_it.o
    0x08001508   0x00000016   Code   RO          333    i.DMA1_Channel1_IRQHandler  stm32f10x_it.o
    0x0800151e   0x00000002   Code   RO          334    i.DMA1_Channel2_IRQHandler  stm32f10x_it.o
    0x08001520   0x00000002   Code   RO          335    i.DMA1_Channel3_IRQHandler  stm32f10x_it.o
    0x08001522   0x00000002   Code   RO          336    i.DMA1_Channel4_IRQHandler  stm32f10x_it.o
    0x08001524   0x00000002   Code   RO          337    i.DMA1_Channel5_IRQHandler  stm32f10x_it.o
    0x08001526   0x00000002   Code   RO          338    i.DMA1_Channel6_IRQHandler  stm32f10x_it.o
    0x08001528   0x00000002   Code   RO          339    i.DMA1_Channel7_IRQHandler  stm32f10x_it.o
    0x0800152a   0x00000002   Code   RO          340    i.DMA2_Channel1_IRQHandler  stm32f10x_it.o
    0x0800152c   0x00000002   Code   RO          341    i.DMA2_Channel2_IRQHandler  stm32f10x_it.o
    0x0800152e   0x00000002   Code   RO          342    i.DMA2_Channel3_IRQHandler  stm32f10x_it.o
    0x08001530   0x00000002   Code   RO          343    i.DMA2_Channel4_5_IRQHandler  stm32f10x_it.o
    0x08001532   0x00000002   PAD
    0x08001534   0x0000001c   Code   RO         1049    i.DMA_ClearITPendingBit  stm32f10x_dma.o
    0x08001550   0x00000018   Code   RO         1050    i.DMA_Cmd           stm32f10x_dma.o
    0x08001568   0x0000014c   Code   RO         1051    i.DMA_DeInit        stm32f10x_dma.o
    0x080016b4   0x0000002c   Code   RO         1053    i.DMA_GetFlagStatus  stm32f10x_dma.o
    0x080016e0   0x00000012   Code   RO         1055    i.DMA_ITConfig      stm32f10x_dma.o
    0x080016f2   0x0000003c   Code   RO         1056    i.DMA_Init          stm32f10x_dma.o
    0x0800172e   0x0000000a   Code   RO          204    i.Data_Init         hw_init.o
    0x08001738   0x00000002   Code   RO          344    i.DebugMon_Handler  stm32f10x_it.o
    0x0800173a   0x00000002   PAD
    0x0800173c   0x00000044   Code   RO          285    i.DelayInit         delay.o
    0x08001780   0x0000004c   Code   RO          286    i.DelayMs           delay.o
    0x080017cc   0x00000002   Code   RO          345    i.EXTI0_IRQHandler  stm32f10x_it.o
    0x080017ce   0x00000002   Code   RO          346    i.EXTI15_10_IRQHandler  stm32f10x_it.o
    0x080017d0   0x00000002   Code   RO          347    i.EXTI1_IRQHandler  stm32f10x_it.o
    0x080017d2   0x00000016   Code   RO          348    i.EXTI2_IRQHandler  stm32f10x_it.o
    0x080017e8   0x00000002   Code   RO          349    i.EXTI3_IRQHandler  stm32f10x_it.o
    0x080017ea   0x00000002   Code   RO          350    i.EXTI4_IRQHandler  stm32f10x_it.o
    0x080017ec   0x00000002   Code   RO          351    i.EXTI9_5_IRQHandler  stm32f10x_it.o
    0x080017ee   0x00000002   PAD
    0x080017f0   0x0000000c   Code   RO         1121    i.EXTI_ClearITPendingBit  stm32f10x_exti.o
    0x080017fc   0x00000028   Code   RO         1125    i.EXTI_GetITStatus  stm32f10x_exti.o
    0x08001824   0x00000094   Code   RO         1126    i.EXTI_Init         stm32f10x_exti.o
    0x080018b8   0x00000002   Code   RO          352    i.FLASH_IRQHandler  stm32f10x_it.o
    0x080018ba   0x00000002   Code   RO          353    i.FSMC_IRQHandler   stm32f10x_it.o
    0x080018bc   0x0000002a   Code   RO          205    i.Fun_configuration  hw_init.o
    0x080018e6   0x00000002   PAD
    0x080018e8   0x000001cc   Code   RO          206    i.GPIO_Configuration  hw_init.o
    0x08001ab4   0x00000040   Code   RO         1351    i.GPIO_EXTILineConfig  stm32f10x_gpio.o
    0x08001af4   0x00000116   Code   RO         1354    i.GPIO_Init         stm32f10x_gpio.o
    0x08001c0a   0x00000002   PAD
    0x08001c0c   0x00000090   Code   RO         1356    i.GPIO_PinRemapConfig  stm32f10x_gpio.o
    0x08001c9c   0x00000012   Code   RO         1358    i.GPIO_ReadInputDataBit  stm32f10x_gpio.o
    0x08001cae   0x00000004   Code   RO         1361    i.GPIO_ResetBits    stm32f10x_gpio.o
    0x08001cb2   0x00000004   Code   RO         1362    i.GPIO_SetBits      stm32f10x_gpio.o
    0x08001cb6   0x00000014   Code   RO          207    i.HW_Configuration  hw_init.o
    0x08001cca   0x00000004   Code   RO          354    i.HardFault_Handler  stm32f10x_it.o
    0x08001cce   0x00000002   Code   RO          355    i.I2C1_ER_IRQHandler  stm32f10x_it.o
    0x08001cd0   0x00000002   Code   RO          356    i.I2C1_EV_IRQHandler  stm32f10x_it.o
    0x08001cd2   0x00000002   Code   RO          357    i.I2C2_ER_IRQHandler  stm32f10x_it.o
    0x08001cd4   0x00000002   Code   RO          358    i.I2C2_EV_IRQHandler  stm32f10x_it.o
    0x08001cd6   0x0000000a   Code   RO          208    i.MCO_Config        hw_init.o
    0x08001ce0   0x000000ec   Code   RO         3245    i.Master_Response_Slave  api_communicate.o
    0x08001dcc   0x00000080   Code   RO         3246    i.Master_Send_Alarm_Data  api_communicate.o
    0x08001e4c   0x00000168   Code   RO         3247    i.Master_Send_Data  api_communicate.o
    0x08001fb4   0x000000bc   Code   RO         3248    i.Master_Send_Data_Frame  api_communicate.o
    0x08002070   0x00000074   Code   RO         3249    i.Master_Send_GetCarState_data  api_communicate.o
    0x080020e4   0x00000004   Code   RO          359    i.MemManage_Handler  stm32f10x_it.o
    0x080020e8   0x00000002   Code   RO          360    i.NMI_Handler       stm32f10x_it.o
    0x080020ea   0x00000082   Code   RO          209    i.NVIC_Configuration  hw_init.o
    0x0800216c   0x00000070   Code   RO          790    i.NVIC_Init         misc.o
    0x080021dc   0x00000014   Code   RO          791    i.NVIC_PriorityGroupConfig  misc.o
    0x080021f0   0x00000002   Code   RO          361    i.PVD_IRQHandler    stm32f10x_it.o
    0x080021f2   0x00000002   PAD
    0x080021f4   0x00000020   Code   RO         3250    i.Pack_Num_Count    api_communicate.o
    0x08002214   0x00000002   Code   RO          362    i.PendSV_Handler    stm32f10x_it.o
    0x08002216   0x00000002   PAD
    0x08002218   0x00000018   Code   RO         1708    i.RCC_ADCCLKConfig  stm32f10x_rcc.o
    0x08002230   0x00000020   Code   RO         1709    i.RCC_AHBPeriphClockCmd  stm32f10x_rcc.o
    0x08002250   0x00000020   Code   RO         1710    i.RCC_APB1PeriphClockCmd  stm32f10x_rcc.o
    0x08002270   0x00000020   Code   RO         1712    i.RCC_APB2PeriphClockCmd  stm32f10x_rcc.o
    0x08002290   0x00000020   Code   RO         1713    i.RCC_APB2PeriphResetCmd  stm32f10x_rcc.o
    0x080022b0   0x00000058   Code   RO          210    i.RCC_Configuration  hw_init.o
    0x08002308   0x0000004c   Code   RO         1719    i.RCC_DeInit        stm32f10x_rcc.o
    0x08002354   0x000000d4   Code   RO         1720    i.RCC_GetClocksFreq  stm32f10x_rcc.o
    0x08002428   0x0000003c   Code   RO         1721    i.RCC_GetFlagStatus  stm32f10x_rcc.o
    0x08002464   0x00000010   Code   RO         1723    i.RCC_GetSYSCLKSource  stm32f10x_rcc.o
    0x08002474   0x00000018   Code   RO         1724    i.RCC_HCLKConfig    stm32f10x_rcc.o
    0x0800248c   0x0000004c   Code   RO         1725    i.RCC_HSEConfig     stm32f10x_rcc.o
    0x080024d8   0x00000002   Code   RO          363    i.RCC_IRQHandler    stm32f10x_it.o
    0x080024da   0x00000002   PAD
    0x080024dc   0x0000000c   Code   RO         1730    i.RCC_MCOConfig     stm32f10x_rcc.o
    0x080024e8   0x00000018   Code   RO         1731    i.RCC_PCLK1Config   stm32f10x_rcc.o
    0x08002500   0x00000018   Code   RO         1732    i.RCC_PCLK2Config   stm32f10x_rcc.o
    0x08002518   0x0000000c   Code   RO         1733    i.RCC_PLLCmd        stm32f10x_rcc.o
    0x08002524   0x0000001c   Code   RO         1734    i.RCC_PLLConfig     stm32f10x_rcc.o
    0x08002540   0x00000018   Code   RO         1737    i.RCC_SYSCLKConfig  stm32f10x_rcc.o
    0x08002558   0x00000038   Code   RO         1739    i.RCC_WaitForHSEStartUp  stm32f10x_rcc.o
    0x08002590   0x00000002   Code   RO          364    i.RTCAlarm_IRQHandler  stm32f10x_it.o
    0x08002592   0x00000002   Code   RO          365    i.RTC_IRQHandler    stm32f10x_it.o
    0x08002594   0x00000002   Code   RO          366    i.SDIO_IRQHandler   stm32f10x_it.o
    0x08002596   0x00000002   Code   RO          367    i.SPI1_IRQHandler   stm32f10x_it.o
    0x08002598   0x00000002   Code   RO          368    i.SPI2_IRQHandler   stm32f10x_it.o
    0x0800259a   0x00000002   Code   RO          369    i.SPI3_IRQHandler   stm32f10x_it.o
    0x0800259c   0x00000002   Code   RO          370    i.SVC_Handler       stm32f10x_it.o
    0x0800259e   0x00000002   PAD
    0x080025a0   0x000000a4   Code   RO         2980    i.Send_debug_message  api_sendmessage.o
    0x08002644   0x00000008   Code   RO          749    i.SetSysClock       system_stm32f10x.o
    0x0800264c   0x000000e0   Code   RO          750    i.SetSysClockTo72   system_stm32f10x.o
    0x0800272c   0x00000064   Code   RO         3251    i.Slave_Response_Master  api_communicate.o
    0x08002790   0x00000028   Code   RO          794    i.SysTick_CLKSourceConfig  misc.o
    0x080027b8   0x00000008   Code   RO          371    i.SysTick_Handler   stm32f10x_it.o
    0x080027c0   0x00000060   Code   RO          752    i.SystemInit        system_stm32f10x.o
    0x08002820   0x00000002   Code   RO          372    i.TAMPER_IRQHandler  stm32f10x_it.o
    0x08002822   0x00000002   Code   RO          373    i.TIM1_BRK_IRQHandler  stm32f10x_it.o
    0x08002824   0x00000002   Code   RO          374    i.TIM1_CC_IRQHandler  stm32f10x_it.o
    0x08002826   0x00000002   Code   RO          375    i.TIM1_TRG_COM_IRQHandler  stm32f10x_it.o
    0x08002828   0x00000002   Code   RO          376    i.TIM1_UP_IRQHandler  stm32f10x_it.o
    0x0800282a   0x0000001a   Code   RO          377    i.TIM2_IRQHandler   stm32f10x_it.o
    0x08002844   0x00000002   Code   RO          378    i.TIM3_IRQHandler   stm32f10x_it.o
    0x08002846   0x00000002   Code   RO          379    i.TIM4_IRQHandler   stm32f10x_it.o
    0x08002848   0x00000002   Code   RO          380    i.TIM5_IRQHandler   stm32f10x_it.o
    0x0800284a   0x00000002   Code   RO          381    i.TIM6_IRQHandler   stm32f10x_it.o
    0x0800284c   0x00000002   Code   RO          382    i.TIM7_IRQHandler   stm32f10x_it.o
    0x0800284e   0x00000002   Code   RO          383    i.TIM8_BRK_IRQHandler  stm32f10x_it.o
    0x08002850   0x00000002   Code   RO          384    i.TIM8_CC_IRQHandler  stm32f10x_it.o
    0x08002852   0x00000002   Code   RO          385    i.TIM8_TRG_COM_IRQHandler  stm32f10x_it.o
    0x08002854   0x00000002   Code   RO          386    i.TIM8_UP_IRQHandler  stm32f10x_it.o
    0x08002856   0x00000006   Code   RO         1919    i.TIM_ClearITPendingBit  stm32f10x_tim.o
    0x0800285c   0x00000018   Code   RO         1924    i.TIM_Cmd           stm32f10x_tim.o
    0x08002874   0x00000022   Code   RO         1945    i.TIM_GetITStatus   stm32f10x_tim.o
    0x08002896   0x00000012   Code   RO         1949    i.TIM_ITConfig      stm32f10x_tim.o
    0x080028a8   0x000000a4   Code   RO         1995    i.TIM_TimeBaseInit  stm32f10x_tim.o
    0x0800294c   0x00000050   Code   RO         2853    i.TLT_irq_process   drv_timer.o
    0x0800299c   0x00000074   Code   RO         2854    i.TLT_led_reverse   drv_timer.o
    0x08002a10   0x00000002   Code   RO          387    i.UART4_IRQHandler  stm32f10x_it.o
    0x08002a12   0x00000002   PAD
    0x08002a14   0x000000f0   Code   RO          388    i.UART5_IRQHandler  stm32f10x_it.o
    0x08002b04   0x00000054   Code   RO         2636    i.USART1_Config     drv_uart.o
    0x08002b58   0x000000c8   Code   RO          389    i.USART1_IRQHandler  stm32f10x_it.o
    0x08002c20   0x00000002   Code   RO          390    i.USART2_IRQHandler  stm32f10x_it.o
    0x08002c22   0x00000002   PAD
    0x08002c24   0x0000004c   Code   RO         2637    i.USART3_Config     drv_uart.o
    0x08002c70   0x00000014   Code   RO          391    i.USART3_IRQHandler  stm32f10x_it.o
    0x08002c84   0x00000040   Code   RO         2638    i.USART4_Config     drv_uart.o
    0x08002cc4   0x0000004c   Code   RO         2639    i.USART5_Config     drv_uart.o
    0x08002d10   0x00000012   Code   RO         2456    i.USART_ClearFlag   stm32f10x_usart.o
    0x08002d22   0x0000001e   Code   RO         2457    i.USART_ClearITPendingBit  stm32f10x_usart.o
    0x08002d40   0x00000018   Code   RO         2460    i.USART_Cmd         stm32f10x_usart.o
    0x08002d58   0x0000001a   Code   RO         2463    i.USART_GetFlagStatus  stm32f10x_usart.o
    0x08002d72   0x00000054   Code   RO         2464    i.USART_GetITStatus  stm32f10x_usart.o
    0x08002dc6   0x0000004a   Code   RO         2466    i.USART_ITConfig    stm32f10x_usart.o
    0x08002e10   0x000000d8   Code   RO         2467    i.USART_Init        stm32f10x_usart.o
    0x08002ee8   0x0000000a   Code   RO         2474    i.USART_ReceiveData  stm32f10x_usart.o
    0x08002ef2   0x00000008   Code   RO         2477    i.USART_SendData    stm32f10x_usart.o
    0x08002efa   0x00000002   Code   RO          392    i.USBWakeUp_IRQHandler  stm32f10x_it.o
    0x08002efc   0x00000154   Code   RO         3252    i.UcAnalysis_RecSlave_Data  api_communicate.o
    0x08003050   0x00000004   Code   RO          394    i.UsageFault_Handler  stm32f10x_it.o
    0x08003054   0x0000001e   Code   RO         2640    i.Usart_SendByte    drv_uart.o
    0x08003072   0x00000002   Code   RO          395    i.WWDG_IRQHandler   stm32f10x_it.o
    0x08003074   0x00000020   Code   RO         3724    i.__0printf$2       mc_w.l(printf2.o)
    0x08003094   0x00000028   Code   RO         3960    i.__ARM_fpclassify  m_ws.l(fpclassify.o)
    0x080030bc   0x000000aa   Code   RO         3962    i.__kernel_poly     m_ws.l(poly.o)
    0x08003166   0x00000002   PAD
    0x08003168   0x00000010   Code   RO         3946    i.__mathlib_dbl_divzero  m_ws.l(dunder.o)
    0x08003178   0x00000004   Code   RO         3948    i.__mathlib_dbl_infnan2  m_ws.l(dunder.o)
    0x0800317c   0x0000000c   Code   RO         3949    i.__mathlib_dbl_invalid  m_ws.l(dunder.o)
    0x08003188   0x0000000e   Code   RO         3950    i.__mathlib_dbl_overflow  m_ws.l(dunder.o)
    0x08003196   0x00000002   PAD
    0x08003198   0x00000010   Code   RO         3952    i.__mathlib_dbl_underflow  m_ws.l(dunder.o)
    0x080031a8   0x0000000e   Code   RO         4016    i.__scatterload_copy  mc_w.l(handlers.o)
    0x080031b6   0x00000002   Code   RO         4017    i.__scatterload_null  mc_w.l(handlers.o)
    0x080031b8   0x0000000e   Code   RO         4018    i.__scatterload_zeroinit  mc_w.l(handlers.o)
    0x080031c6   0x00000002   PAD
    0x080031c8   0x0000000c   Code   RO         3990    i.__set_errno       mc_w.l(errno.o)
    0x080031d4   0x000000d6   Code   RO         3731    i._printf_core      mc_w.l(printf2.o)
    0x080032aa   0x00000002   PAD
    0x080032ac   0x00000044   Code   RO         2992    i.adc_adjust        api_adc.o
    0x080032f0   0x000000c0   Code   RO         3375    i.corrcoef          dataprocess.lib(cov.o)
    0x080033b0   0x0000019a   Code   RO         3376    i.cov               dataprocess.lib(cov.o)
    0x0800354a   0x00000002   PAD
    0x0800354c   0x00000770   Code   RO         3304    i.data_process_lowdetect  dataprocess.lib(data_process.o)
    0x08003cbc   0x0000000c   Code   RO          270    i.debug_get_adjust  debug.o
    0x08003cc8   0x00000018   Code   RO          252    i.delay_100us       hw_common.o
    0x08003ce0   0x00000018   Code   RO         2855    i.delay_ms          drv_timer.o
    0x08003cf8   0x00000024   Code   RO         3421    i.diff32            dataprocess.lib(diff.o)
    0x08003d1c   0x00000054   Code   RO         3024    i.display_battery   api_battery.o
    0x08003d70   0x0000006a   Code   RO         3025    i.display_battery_first  api_battery.o
    0x08003dda   0x0000002a   Code   RO         3026    i.display_battery_led  api_battery.o
    0x08003e04   0x00000054   Code   RO         3027    i.display_battery_led_first  api_battery.o
    0x08003e58   0x000002e4   Code   RO         2994    i.dma1_irq_adc_process  api_adc.o
    0x0800413c   0x00000036   Code   RO         3478    i.energy16256_back32  dataprocess.lib(sum_mean_energy.o)
    0x08004172   0x0000003c   Code   RO         3479    i.energy16512_back32  dataprocess.lib(sum_mean_energy.o)
    0x080041ae   0x00000002   PAD
    0x080041b0   0x0000016c   Code   RO         3452    i.fft_256_adjust    dataprocess.lib(fft.o)
    0x0800431c   0x00000024   Code   RO         2641    i.fputc             drv_uart.o
    0x08004340   0x00000022   Code   RO         3480    i.get_N             dataprocess.lib(sum_mean_energy.o)
    0x08004362   0x0000003a   Code   RO         3481    i.get_accuFind      dataprocess.lib(sum_mean_energy.o)
    0x0800439c   0x0000004e   Code   RO         3482    i.get_accuRind      dataprocess.lib(sum_mean_energy.o)
    0x080043ea   0x00000032   Code   RO         3029    i.get_battery_voltage  api_battery.o
    0x0800441c   0x0000004c   Code   RO         3483    i.get_c             dataprocess.lib(sum_mean_energy.o)
    0x08004468   0x0000003a   Code   RO         3485    i.get_d             dataprocess.lib(sum_mean_energy.o)
    0x080044a2   0x00000002   PAD
    0x080044a4   0x00000024   Code   RO         2709    i.get_injected_value  drv_adc.o
    0x080044c8   0x00000024   Code   RO         3487    i.get_max           dataprocess.lib(sum_mean_energy.o)
    0x080044ec   0x00000026   Code   RO         3488    i.get_max_pos       dataprocess.lib(sum_mean_energy.o)
    0x08004512   0x00000024   Code   RO         3489    i.get_min           dataprocess.lib(sum_mean_energy.o)
    0x08004536   0x0000007e   Code   RO         3490    i.get_r             dataprocess.lib(sum_mean_energy.o)
    0x080045b4   0x00000070   Code   RO         3492    i.get_rps_fre       dataprocess.lib(sum_mean_energy.o)
    0x08004624   0x00000068   Code   RO         3493    i.get_sec_sta       dataprocess.lib(sum_mean_energy.o)
    0x0800468c   0x00000028   Code   RO         2835    i.gpio_int_init     drv_gpio_int.o
    0x080046b4   0x00000010   Code   RO         2836    i.gpio_int_process  drv_gpio_int.o
    0x080046c4   0x00000058   Code   RO         3203    i.irq_delay_timer   api_delay_timer.o
    0x0800471c   0x00000028   Code   RO         2944    i.is_door_closed    drv_detect.o
    0x08004744   0x00000020   Code   RO         2814    i.led_off           drv_led.o
    0x08004764   0x00000020   Code   RO         2815    i.led_on            drv_led.o
    0x08004784   0x000000b6   Code   RO         3031    i.led_twinkle       api_battery.o
    0x0800483a   0x00000002   PAD
    0x0800483c   0x0000012c   Code   RO            1    i.main              main.o
    0x08004968   0x00000038   Code   RO         3497    i.mean_256_adjust   dataprocess.lib(sum_mean_energy.o)
    0x080049a0   0x000000a4   Code   RO         3078    i.play_sound        api_sound.o
    0x08004a44   0x000009d8   Code   RO         3629    i.pow               m_ws.l(pow.o)
    0x0800541c   0x00000040   Code   RO         3158    i.shake_time_process  api_shake.o
    0x0800545c   0x0000006c   Code   RO         2736    i.sound_getdata     drv_sound.o
    0x080054c8   0x00000030   Code   RO         2737    i.sound_senddata    drv_sound.o
    0x080054f8   0x00000054   Code   RO         3080    i.sound_vol_set     api_sound.o
    0x0800554c   0x0000004c   Code   RO         3639    i.sqrt              m_ws.l(sqrt.o)
    0x08005598   0x00000018   Code   RO         3498    i.sum16256_back32   dataprocess.lib(sum_mean_energy.o)
    0x080055b0   0x0000001c   Code   RO         3499    i.sum16_back32      dataprocess.lib(sum_mean_energy.o)
    0x080055cc   0x00000010   Code   RO         2921    i.systick_irq_process  drv_systick.o
    0x080055dc   0x00000054   Code   RO         2858    i.timer_init        drv_timer.o
    0x08005630   0x00000048   Code   RO         2859    i.timer_irq_process  drv_timer.o
    0x08005678   0x00000060   Code   RO         2860    i.timer_led_twinkle  drv_timer.o
    0x080056d8   0x0000000c   Code   RO         2861    i.timer_led_twinkle_off  drv_timer.o
    0x080056e4   0x000000b4   Code   RO         2645    i.usart1_rev_irq_process  drv_uart.o
    0x08005798   0x0000005c   Code   RO         3380    i.xcorrcoef         dataprocess.lib(cov.o)
    0x080057f4   0x00000056   Data   RO         3083    .constdata          api_sound.o
    0x0800584a   0x00000006   PAD
    0x08005850   0x00000088   Data   RO         3630    .constdata          m_ws.l(pow.o)
    0x080058d8   0x00000008   Data   RO         3964    .constdata          m_ws.l(qnan.o)
    0x080058e0   0x00000020   Data   RO         4014    Region$$Table       anon$$obj.o


    Execution Region RW_IRAM1 (Base: 0x20000000, Size: 0x000093c0, Max: 0x00010000, ABSOLUTE, COMPRESSED[0x0000005c])

    Base Addr    Size         Type   Attr      Idx    E Section Name        Object

    0x20000000   0x0000003b   Data   RW            3    .data               main.o
    0x2000003b   0x00000001   PAD
    0x2000003c   0x00000004   Data   RW          289    .data               delay.o
    0x20000040   0x0000000b   Data   RW          396    .data               stm32f10x_it.o
    0x2000004b   0x00000001   PAD
    0x2000004c   0x00000014   Data   RW          753    .data               system_stm32f10x.o
    0x20000060   0x00000014   Data   RW         1740    .data               stm32f10x_rcc.o
    0x20000074   0x0000000c   Data   RW         2647    .data               drv_uart.o
    0x20000080   0x00000024   Data   RW         2816    .data               drv_led.o
    0x200000a4   0x00000017   Data   RW         2862    .data               drv_timer.o
    0x200000bb   0x00000001   PAD
    0x200000bc   0x00000004   Data   RW         2922    .data               drv_systick.o
    0x200000c0   0x00000030   Data   RW         2945    .data               drv_detect.o
    0x200000f0   0x00000006   Data   RW         2996    .data               api_adc.o
    0x200000f6   0x00000002   PAD
    0x200000f8   0x00000009   Data   RW         3159    .data               api_shake.o
    0x20000101   0x00000003   PAD
    0x20000104   0x0000000d   Data   RW         3204    .data               api_delay_timer.o
    0x20000111   0x0000001d   Data   RW         3254    .data               api_communicate.o
    0x2000012e   0x00000002   PAD
    0x20000130   0x00000070   Data   RW         3307    .data               dataprocess.lib(data_process.o)
    0x200001a0   0x00000014   Data   RW         3454    .data               dataprocess.lib(fft.o)
    0x200001b4   0x00000004   Data   RW         3501    .data               dataprocess.lib(sum_mean_energy.o)
    0x200001b8   0x00000004   Data   RW         3979    .data               mc_w.l(stdout.o)
    0x200001bc   0x00000004   Data   RW         3991    .data               mc_w.l(errno.o)
    0x200001c0   0x00001a3b   Zero   RW            2    .bss                main.o
    0x20001bfb   0x00001800   Zero   RW         2646    .bss                drv_uart.o
    0x200033fb   0x00000001   PAD
    0x200033fc   0x00003588   Zero   RW         2995    .bss                api_adc.o
    0x20006984   0x00000010   Zero   RW         3082    .bss                api_sound.o
    0x20006994   0x0000021a   Zero   RW         3253    .bss                api_communicate.o
    0x20006bae   0x00000002   PAD
    0x20006bb0   0x0000140c   Zero   RW         3306    .bss                dataprocess.lib(data_process.o)
    0x20007fbc   0x00000400   Zero   RW         3381    .bss                dataprocess.lib(cov.o)
    0x200083bc   0x00000c00   Zero   RW         3453    .bss                dataprocess.lib(fft.o)
    0x20008fbc   0x00000004   PAD
    0x20008fc0   0x00000400   Zero   RW          783    STACK               startup_stm32f10x_hd.o


==============================================================================

Image component sizes


      Code (inc. data)   RO Data    RW Data    ZI Data      Debug   Object Name

       808         74          0          6      13704       3062   api_adc.o
       548          0          0          0          0       3540   api_battery.o
      1500        130          0         29        538       7121   api_communicate.o
        88         18          0         13          0       1079   api_delay_timer.o
       164         24          0          0          0        685   api_sendmessage.o
        64         12          0          9          0       1016   api_shake.o
       248         10         86          0         16       2568   api_sound.o
         0          0          0          0          0         32   core_cm3.o
        12          0          0          0          0        443   debug.o
       144         22          0          4          0       1102   delay.o
       476         28          0          0          0       1645   drv_adc.o
        40         10          0         48          0       1078   drv_detect.o
        56          0          0          0          0        927   drv_gpio_int.o
        64         20          0         36          0       1454   drv_led.o
       156         12          0          0          0       1509   drv_sound.o
        16          4          0          4          0        926   drv_systick.o
       484         74          0         23          0       4204   drv_timer.o
       546         60          0         12       6144       4395   drv_uart.o
        24          0          0          0          0        478   hw_common.o
       760         22          0          0          0       3364   hw_init.o
       300         32          0         59       6715     280994   main.o
       172         22          0          0          0       2121   misc.o
        36          8        304          0       1024        784   startup_stm32f10x_hd.o
       754         24          0          0          0      13252   stm32f10x_adc.o
       506         26          0          0          0       5241   stm32f10x_dma.o
       200         18          0          0          0       2180   stm32f10x_exti.o
       512         10          0          0          0       5204   stm32f10x_gpio.o
       684         62          0         11          0      28996   stm32f10x_it.o
       796        116          0         20          0      12938   stm32f10x_rcc.o
       246         42          0          0          0       3638   stm32f10x_tim.o
       490          6          0          0          0       7493   stm32f10x_usart.o
       328         28          0         20          0       2105   system_stm32f10x.o

    ----------------------------------------------------------------------
     11250        914        428        304      28144     405574   Object Totals
         0          0         32          0          0          0   (incl. Generated)
        28          0          6         10          3          0   (incl. Padding)

    ----------------------------------------------------------------------

      Code (inc. data)   RO Data    RW Data    ZI Data      Debug   Library Member Name

       694          4          0          0       1024       2832   cov.o
      1502       1008          0          0          0        292   cr4_fft_256_stm32.o
      1904        296          0        112       5132     211264   data_process.o
        36          0          0          0          0        897   diff.o
       364         36          0         20       3072       1537   fft.o
       978          4          0          4          0      10652   sum_mean_energy.o
        62         10          0          0          0        340   dunder.o
        40          0          0          0          0         68   fpclassify.o
       170          0          0          0          0         96   poly.o
      2520        190        136          0          0        324   pow.o
         0          0          8          0          0          0   qnan.o
        76          0          0          0          0         84   sqrt.o
        86          0          0          0          0          0   __dczerorl2.o
         0          0          0          0          0          0   entry.o
         0          0          0          0          0          0   entry10a.o
         0          0          0          0          0          0   entry11a.o
         8          4          0          0          0          0   entry2.o
         4          0          0          0          0          0   entry5.o
         0          0          0          0          0          0   entry7b.o
         0          0          0          0          0          0   entry8b.o
         8          4          0          0          0          0   entry9a.o
        12          6          0          4          0         68   errno.o
        30          0          0          0          0          0   handlers.o
        36          8          0          0          0         68   init.o
         0          0          0          0          0          0   iusefp.o
        30          0          0          0          0         68   llshl.o
        36          0          0          0          0         68   llsshr.o
        32          0          0          0          0         68   llushr.o
        36          0          0          0          0         68   memcpya.o
        36          0          0          0          0        108   memseta.o
       246         10          0          0          0        176   printf2.o
         0          0          0          4          0          0   stdout.o
        48          0          0          0          0         68   cdcmple.o
        48          0          0          0          0         68   cdrcmple.o
        20          0          0          0          0         68   cfcmple.o
        56          0          0          0          0         88   d2f.o
       334          0          0          0          0        148   dadd.o
       222          0          0          0          0        100   ddiv.o
       186          0          0          0          0        176   depilogue.o
        34          0          0          0          0         76   dflti.o
       228          0          0          0          0         96   dmul.o
        46          0          0          0          0         80   dscalb.o
       162          0          0          0          0        100   dsqrt.o
        38          0          0          0          0         68   f2d.o
       176          0          0          0          0        140   fadd.o
       124          0          0          0          0         88   fdiv.o
       110          0          0          0          0        168   fepilogue.o
        40          0          0          0          0         68   ffixui.o
        18          0          0          0          0         68   fflti.o
        10          0          0          0          0         68   ffltui.o
       100          0          0          0          0         76   fmul.o

    ----------------------------------------------------------------------
     10962       1580        144        144       9232     230890   Library Totals
        16          0          0          0          4          0   (incl. Padding)

    ----------------------------------------------------------------------

      Code (inc. data)   RO Data    RW Data    ZI Data      Debug   Library Name

      5478       1348          0        136       9228     227474   dataprocess.lib
      2868        200        144          0          0        912   m_ws.l
       600         32          0          8          0        692   mc_w.l
      2000          0          0          0          0       1812   mf_w.l

    ----------------------------------------------------------------------
     10962       1580        144        144       9232     230890   Library Totals

    ----------------------------------------------------------------------

==============================================================================


      Code (inc. data)   RO Data    RW Data    ZI Data      Debug   

     22212       2494        572        448      37376     623904   Grand Totals
     22212       2494        572         92      37376     623904   ELF Image Totals (compressed)
     22212       2494        572         92          0          0   ROM Totals

==============================================================================

    Total RO  Size (Code + RO Data)                22784 (  22.25kB)
    Total RW  Size (RW Data + ZI Data)             37824 (  36.94kB)
    Total ROM Size (Code + RO Data + RW Data)      22876 (  22.34kB)

==============================================================================

